Component: ARM Compiler 5.06 update 4 (build 422) Tool: armlink [4d35d2]

==============================================================================

Small function inlining results

Inlined total of 0 calls.

==============================================================================

Section Cross References

    system_nano103.o(.text) refers to uidiv.o(.text) for __aeabi_uidivmod
    system_nano103.o(.text) refers to memcpya.o(.text) for __aeabi_memcpy4
    system_nano103.o(.text) refers to system_nano103.o(.data) for SystemCoreClock
    system_nano103.o(.text) refers to system_nano103.o(.constdata) for .constdata
    startup_nano103.o(RESET) refers to startup_nano103.o(STACK) for __initial_sp
    startup_nano103.o(RESET) refers to startup_nano103.o(.text) for Reset_Handler
    startup_nano103.o(RESET) refers to retarget.o(.emb_text) for HardFault_Handler
    startup_nano103.o(RESET) refers to nano_support.o(.text) for TMR0_IRQHandler
    startup_nano103.o(.text) refers to system_nano103.o(.text) for SystemInit
    startup_nano103.o(.text) refers to entry.o(.ARM.Collect$$$$00000000) for __main
    main.o(.text) refers to clk.o(.text) for CLK_SetHCLK
    main.o(.text) refers to timer.o(.text) for TIMER_Open
    main.o(.text) refers to uart.o(.text) for UART_Open
    main.o(.text) refers to printfa.o(i.__0printf) for __2printf
    main.o(.text) refers to nano_support.o(.text) for I2C1_Init
    main.o(.text) refers to bsec_integration.o(.text) for bsec_iot_init
    nano_support.o(.text) refers to printfa.o(i.__0printf) for __2printf
    nano_support.o(.text) refers to i2c.o(.text) for I2C_ClearTimeoutFlag
    nano_support.o(.text) refers to Bsec.o(i.__ARM_common_switch8) for __ARM_common_switch8
    nano_support.o(.text) refers to nano_support.o(.data) for Global_timestamp_ms
    nano_support.o(.text) refers to bsec_integration.o(.data) for Temperature_MSB
    nano_support.o(.text) refers to llmul.o(.text) for __aeabi_lmul
    nano_support.o(.text) refers to fmc.o(.text) for FMC_Read
    nano_support.o(.text) refers to f2d.o(.text) for __aeabi_f2d
    bsec_integration.o(.text) refers to bsec_interface.o(i.bsec_update_subscription) for bsec_update_subscription
    bsec_integration.o(.text) refers to bme680.o(.text) for bme680_init
    bsec_integration.o(.text) refers to bsec_interface.o(i.bsec_init) for bsec_init
    bsec_integration.o(.text) refers to bsec_interface.o(i.bsec_get_version) for bsec_get_version
    bsec_integration.o(.text) refers to ffltui.o(.text) for __aeabi_ui2f
    bsec_integration.o(.text) refers to fflti.o(.text) for __aeabi_i2f
    bsec_integration.o(.text) refers to fdiv.o(.text) for __aeabi_fdiv
    bsec_integration.o(.text) refers to bsec_interface.o(i.bsec_do_steps) for bsec_do_steps
    bsec_integration.o(.text) refers to ffixui.o(.text) for __aeabi_f2uiz
    bsec_integration.o(.text) refers to uidiv.o(.text) for __aeabi_uidivmod
    bsec_integration.o(.text) refers to fmul.o(.text) for __aeabi_fmul
    bsec_integration.o(.text) refers to cfcmple.o(.text) for __aeabi_cfcmple
    bsec_integration.o(.text) refers to bsec_integration.o(.bss) for bme680_g
    bsec_integration.o(.text) refers to bsec_integration.o(.data) for bme680_temperature_offset_g
    bsec_integration.o(.text) refers to llmul.o(.text) for __aeabi_lmul
    bsec_integration.o(.text) refers to bsec_interface.o(i.bsec_sensor_control) for bsec_sensor_control
    bsec_integration.o(.text) refers to nano_support.o(.text) for I2C_MasterReadDataFromSlave
    bsec_integration.o(.text) refers to ldiv.o(.text) for __aeabi_ldivmod
    bme680.o(.text) refers to memseta.o(.text) for __aeabi_memclr4
    bme680.o(.text) refers to idiv.o(.text) for __aeabi_idivmod
    bme680.o(.text) refers to uidiv.o(.text) for __aeabi_uidivmod
    bme680.o(.text) refers to bme680.o(i.__ARM_common_ll_mulss) for __ARM_common_ll_mulss
    bme680.o(.text) refers to llmul.o(.text) for __aeabi_lmul
    bme680.o(.text) refers to ldiv.o(.text) for __aeabi_ldivmod
    bme680.o(.text) refers to bme680.o(.data) for lookupTable1
    bma2x2.o(.text) refers to bma2x2.o(.data) for p_bma2x2
    bma2x2.o(.text) refers to Bsec.o(i.__ARM_common_switch8) for __ARM_common_switch8
    bma2x2_support.o(.text) refers to bma2x2.o(.text) for bma2x2_init
    bma2x2_support.o(.text) refers to bma2x2_support.o(.bss) for bma2x2
    i2c.o(.text) refers to clk.o(.text) for CLK_GetPCLK0Freq
    i2c.o(.text) refers to uidiv.o(.text) for __aeabi_uidivmod
    uart.o(.text) refers to system_nano103.o(.text) for SysGet_PLLClockFreq
    uart.o(.text) refers to uidiv.o(.text) for __aeabi_uidivmod
    clk.o(.text) refers to system_nano103.o(.text) for SystemCoreClockUpdate
    clk.o(.text) refers to memcpya.o(.text) for __aeabi_memcpy4
    clk.o(.text) refers to uidiv.o(.text) for __aeabi_uidivmod
    clk.o(.text) refers to system_nano103.o(.data) for SystemCoreClock
[...]
    i.bsec_HumidityTemperatureCorrector_updateInterfaceDependency 0x00006728   Section        0  HumidityTemperatureCorrector.o(i.bsec_HumidityTemperatureCorrector_updateInterfaceDependency)
    i.bsec_IaqEstimator_configure            0x0000679c   Section        0  IaqEstimator.o(i.bsec_IaqEstimator_configure)
    i.bsec_IaqEstimator_doStep               0x000067d4   Section        0  IaqEstimator.o(i.bsec_IaqEstimator_doStep)
    i.bsec_IaqEstimator_getGains             0x00006958   Section        0  IaqEstimator.o(i.bsec_IaqEstimator_getGains)
    bsec_IaqEstimator_getGains               0x00006959   Thumb Code   118  IaqEstimator.o(i.bsec_IaqEstimator_getGains)
    i.bsec_IaqEstimator_updateInterfaceDependency 0x000069dc   Section        0  IaqEstimator.o(i.bsec_IaqEstimator_updateInterfaceDependency)
    i.bsec_RingBufferBsec_RingBufferBsec     0x00006a24   Section        0  RingBufferBsec.o(i.bsec_RingBufferBsec_RingBufferBsec)
    i.bsec_RingBuffer_do                     0x00006a42   Section        0  RingBuffer.o(i.bsec_RingBuffer_do)
    i.bsec_RingBuffer_getAt                  0x00006aca   Section        0  RingBuffer.o(i.bsec_RingBuffer_getAt)
    i.bsec_RingBuffer_reset                  0x00006af6   Section        0  RingBuffer.o(i.bsec_RingBuffer_reset)
    i.bsec_RingBuffer_setLength              0x00006b30   Section        0  RingBuffer.o(i.bsec_RingBuffer_setLength)
    i.bsec_SensorHeatCompensator_configure   0x00006b48   Section        0  SensorHeatCompensator.o(i.bsec_SensorHeatCompensator_configure)
    i.bsec_SensorHeatCompensator_doStep      0x00006c1c   Section        0  SensorHeatCompensator.o(i.bsec_SensorHeatCompensator_doStep)
    i.bsec_SensorHeatCompensator_updateInterfaceDependency 0x00006d6c   Section        0  SensorHeatCompensator.o(i.bsec_SensorHeatCompensator_updateInterfaceDependency)
    i.bsec_SensorStatusTracker_SensorStatusTracker 0x00006d9c   Section        0  SensorStatusTracker.o(i.bsec_SensorStatusTracker_SensorStatusTracker)
    i.bsec_SensorStatusTracker_doStep        0x00006dc8   Section        0  SensorStatusTracker.o(i.bsec_SensorStatusTracker_doStep)
    i.bsec_SensorStatusTracker_resetRunInState 0x00006e98   Section        0  SensorStatusTracker.o(i.bsec_SensorStatusTracker_resetRunInState)
    bsec_SensorStatusTracker_resetRunInState 0x00006e99   Thumb Code    14  SensorStatusTracker.o(i.bsec_SensorStatusTracker_resetRunInState)
    i.bsec_SensorStatusTracker_updateInterfaceDependency 0x00006ea8   Section        0  SensorStatusTracker.o(i.bsec_SensorStatusTracker_updateInterfaceDependency)
    i.bsec_b_ChannelHub_setOutput            0x00006ef4   Section        0  ChannelHub.o(i.bsec_b_ChannelHub_setOutput)
    bsec_b_ChannelHub_setOutput              0x00006ef5   Thumb Code    86  ChannelHub.o(i.bsec_b_ChannelHub_setOutput)
    i.bsec_b_ExpSmoothingBsec_ExpSmoothingBsec 0x00006f54   Section        0  ExpSmoothingBsec.o(i.bsec_b_ExpSmoothingBsec_ExpSmoothingBsec)
    i.bsec_b_ExpSmoothing_setCoeffFromBandwidth 0x00006f7c   Section        0  ExpSmoothing.o(i.bsec_b_ExpSmoothing_setCoeffFromBandwidth)
    i.bsec_b_rdivide                         0x00007010   Section        0  rdivide.o(i.bsec_b_rdivide)
    i.bsec_b_sin                             0x00007026   Section        0  sin.o(i.bsec_b_sin)
    i.bsec_b_sqrt                            0x0000703e   Section        0  sqrt.o(i.bsec_b_sqrt)
    i.bsec_c_ExpSmoothingBsec_ExpSmoothingBsec 0x00007056   Section        0  ExpSmoothingBsec.o(i.bsec_c_ExpSmoothingBsec_ExpSmoothingBsec)
    i.bsec_codegen_do_steps                  0x00007068   Section        0  bsec_codegen_do_steps.o(i.bsec_codegen_do_steps)
    i.bsec_codegen_get_version               0x0000727c   Section        0  bsec_codegen_get_version.o(i.bsec_codegen_get_version)
    i.bsec_codegen_init                      0x0000728c   Section        0  bsec_codegen_init.o(i.bsec_codegen_init)
    i.bsec_codegen_sensor_control            0x00007294   Section        0  bsec_codegen_sensor_control.o(i.bsec_codegen_sensor_control)
    i.bsec_codegen_update_subscription       0x000075ac   Section        0  bsec_codegen_update_subscription.o(i.bsec_codegen_update_subscription)
    i.bsec_constructor_bsec                  0x000078c4   Section        0  constructor_bsec.o(i.bsec_constructor_bsec)
    i.bsec_convertHumidity                   0x000078dc   Section        0  convertHumidity.o(i.bsec_convertHumidity)
    i.bsec_convert_to_enum_OutputIdentifier  0x000079ac   Section        0  Bsec.o(i.bsec_convert_to_enum_OutputIdentifier)
    bsec_convert_to_enum_OutputIdentifier    0x000079ad   Thumb Code   106  Bsec.o(i.bsec_convert_to_enum_OutputIdentifier)
    i.bsec_div_nzp_s64                       0x00007a16   Section        0  ChannelHub.o(i.bsec_div_nzp_s64)
    bsec_div_nzp_s64                         0x00007a17   Thumb Code    72  ChannelHub.o(i.bsec_div_nzp_s64)
    i.bsec_do_steps                          0x00007a60   Section        0  bsec_interface.o(i.bsec_do_steps)
    i.bsec_get_version                       0x00007a80   Section        0  bsec_interface.o(i.bsec_get_version)
    i.bsec_init                              0x00007a94   Section        0  bsec_interface.o(i.bsec_init)
    i.bsec_normalizeFilterBw                 0x00007aa4   Section        0  normalizeFilterBw.o(i.bsec_normalizeFilterBw)
    i.bsec_rdivide                           0x00007ad6   Section        0  rdivide.o(i.bsec_rdivide)
    i.bsec_rt_roundd                         0x00007ae0   Section        0  bsec_codegen_update_subscription.o(i.bsec_rt_roundd)
    bsec_rt_roundd                           0x00007ae1   Thumb Code    98  bsec_codegen_update_subscription.o(i.bsec_rt_roundd)
    i.bsec_sensor_control                    0x00007b50   Section        0  bsec_interface.o(i.bsec_sensor_control)
    i.bsec_sin                               0x00007b70   Section        0  sin.o(i.bsec_sin)
    i.bsec_sqrt                              0x00007b88   Section        0  sqrt.o(i.bsec_sqrt)
    i.bsec_update_subscription               0x00007ba0   Section        0  bsec_interface.o(i.bsec_update_subscription)
    i.ceil                                   0x00007bc0   Section        0  ceil.o(i.ceil)
    i.expf                                   0x00007c88   Section        0  expf.o(i.expf)
    i.floor                                  0x00007de0   Section        0  floor.o(i.floor)
    i.floorf                                 0x00007ea8   Section        0  floorf.o(i.floorf)
    i.fmaxf                                  0x00007f18   Section        0  fmaxf.o(i.fmaxf)
    i.fminf                                  0x00007f3e   Section        0  fminf.o(i.fminf)
    i.log10f                                 0x00007f64   Section        0  log10f.o(i.log10f)
    i.logf                                   0x00008108   Section        0  logf.o(i.logf)
    i.powf                                   0x00008284   Section        0  powf.o(i.powf)
    i.rem_uint16_t                           0x000088a4   Section        0  bsec_codegen_sensor_control.o(i.rem_uint16_t)
    rem_uint16_t                             0x000088a5   Thumb Code    10  bsec_codegen_sensor_control.o(i.rem_uint16_t)
    i.rem_uint16_t                           0x000088ae   Section        0  Bsec.o(i.rem_uint16_t)
    rem_uint16_t                             0x000088af   Thumb Code    10  Bsec.o(i.rem_uint16_t)
    i.rem_uint8_t                            0x000088b8   Section        0  RingBuffer.o(i.rem_uint8_t)
    rem_uint8_t                              0x000088b9   Thumb Code    10  RingBuffer.o(i.rem_uint8_t)
    i.roundf                                 0x000088c2   Section        0  roundf.o(i.roundf)
    i.sinf                                   0x00008938   Section        0  sinf.o(i.sinf)
    i.sqrtf                                  0x00008abc   Section        0  sqrtf.o(i.sqrtf)
    .constdata                               0x00008ae8   Section       24  system_nano103.o(.constdata)
    .constdata                               0x00008b00   Section       64  clk.o(.constdata)
    .constdata                               0x00008b40   Section       16  timer.o(.constdata)
    .constdata                               0x00008b50   Section       41  bsec_codegen_do_steps.o(.constdata)
    uv20                                     0x00008b50   Data          23  bsec_codegen_do_steps.o(.constdata)
    uv21                                     0x00008b67   Data          18  bsec_codegen_do_steps.o(.constdata)
    .constdata                               0x00008b7c   Section       92  bsec_codegen_update_subscription.o(.constdata)
    uv22                                     0x00008b7c   Data          18  bsec_codegen_update_subscription.o(.constdata)
    iv8                                      0x00008b90   Data          72  bsec_codegen_update_subscription.o(.constdata)
    .constdata                               0x00008bd8   Section      278  Bsec.o(.constdata)
    uv3                                      0x00008bd8   Data          18  Bsec.o(.constdata)
    iv0                                      0x00008bea   Data          36  Bsec.o(.constdata)
    uv23                                     0x00008c0e   Data          23  Bsec.o(.constdata)
    uv17                                     0x00008c25   Data          18  Bsec.o(.constdata)
    iv7                                      0x00008c38   Data          72  Bsec.o(.constdata)
    uv2                                      0x00008c80   Data          18  Bsec.o(.constdata)
    uv0                                      0x00008c92   Data          18  Bsec.o(.constdata)
    fv3                                      0x00008ca4   Data          56  Bsec.o(.constdata)
    uv1                                      0x00008cdc   Data          18  Bsec.o(.constdata)
    .constdata                               0x00008cf0   Section      362  ChannelHub.o(.constdata)
    uv13                                     0x00008cf0   Data          10  ChannelHub.o(.constdata)
    iv5                                      0x00008cfa   Data          20  ChannelHub.o(.constdata)
    iv6                                      0x00008d0e   Data          10  ChannelHub.o(.constdata)
    uv14                                     0x00008d18   Data          18  ChannelHub.o(.constdata)
    uv15                                     0x00008d2a   Data          18  ChannelHub.o(.constdata)
    uv16                                     0x00008d3c   Data          18  ChannelHub.o(.constdata)
    uv7                                      0x00008d4e   Data          10  ChannelHub.o(.constdata)
    iv3                                      0x00008d58   Data          20  ChannelHub.o(.constdata)
    uv8                                      0x00008d6c   Data          23  ChannelHub.o(.constdata)
    iv4                                      0x00008d83   Data          10  ChannelHub.o(.constdata)
    uv11                                     0x00008d8d   Data          23  ChannelHub.o(.constdata)
    uv9                                      0x00008da4   Data          10  ChannelHub.o(.constdata)
    uv4                                      0x00008dae   Data          18  ChannelHub.o(.constdata)
    uv5                                      0x00008dc0   Data          10  ChannelHub.o(.constdata)
    iv1                                      0x00008dca   Data          36  ChannelHub.o(.constdata)
    uv6                                      0x00008dee   Data          23  ChannelHub.o(.constdata)
    iv2                                      0x00008e08   Data          72  ChannelHub.o(.constdata)
    uv19                                     0x00008e50   Data          10  ChannelHub.o(.constdata)
    .constdata                               0x00008e5c   Section       12  GasHumidityBaselineTracker.o(.constdata)
    fv1                                      0x00008e5c   Data          12  GasHumidityBaselineTracker.o(.constdata)
    .constdata                               0x00008e68   Section       12  GasHumidityPreProcessor.o(.constdata)
    fv0                                      0x00008e68   Data          12  GasHumidityPreProcessor.o(.constdata)
    .constdata                               0x00008e74   Section        8  SensorHeatCompensator.o(.constdata)
    fv2                                      0x00008e74   Data           8  SensorHeatCompensator.o(.constdata)
    .constdata                               0x00008e7c   Section       48  expf.o(.constdata)
    twotokover4top                           0x00008e7c   Data          16  expf.o(.constdata)
    twotokover4bot                           0x00008e8c   Data          16  expf.o(.constdata)
    twotokover4all                           0x00008e9c   Data          16  expf.o(.constdata)
    .constdata                               0x00008eac   Section       64  log10f.o(.constdata)
    logahi                                   0x00008eac   Data          32  log10f.o(.constdata)
    logalo                                   0x00008ecc   Data          32  log10f.o(.constdata)
    .constdata                               0x00008eec   Section       64  logf.o(.constdata)
    logahi                                   0x00008eec   Data          32  logf.o(.constdata)
    logalo                                   0x00008f0c   Data          32  logf.o(.constdata)
    .constdata                               0x00008f2c   Section      320  powf.o(.constdata)
    table                                    0x00008f2c   Data         128  powf.o(.constdata)
    powersof2to1over16top                    0x00008fac   Data          64  powf.o(.constdata)
    powersof2to1over16bot                    0x00008fec   Data          64  powf.o(.constdata)
    powersof2to1over16all                    0x0000902c   Data          64  powf.o(.constdata)
    .constdata                               0x0000906c   Section       32  rredf.o(.constdata)
    twooverpi                                0x0000906c   Data          32  rredf.o(.constdata)
    .data                                    0x20000000   Section        8  system_nano103.o(.data)
    .data                                    0x20000008   Section       44  nano_support.o(.data)
    .data                                    0x20000034   Section      355  bsec_integration.o(.data)
    bme680_temperature_offset_g              0x20000164   Data           4  bsec_integration.o(.data)
    .data                                    0x20000198   Section      128  bme680.o(.data)
    .data                                    0x20000218   Section        8  retarget.o(.data)
    .data                                    0x20000220   Section        4  errno.o(.data)
    _errno                                   0x20000220   Data           4  errno.o(.data)
    .bss                                     0x20000224   Section      108  bsec_integration.o(.bss)
    bme680_g                                 0x20000224   Data          88  bsec_integration.o(.bss)
    data                                     0x2000027c   Data          20  bsec_integration.o(.bss)
    .bss                                     0x20000290   Section      984  bsec_interface.o(.bss)
    bsec_library                             0x20000290   Data         984  bsec_interface.o(.bss)
    STACK                                    0x20000668   Section     1280  startup_nano103.o(STACK)

    Global Symbols

    Symbol Name                              Value     Ov Type        Size  Object(Section)

    BuildAttributes$$THM_ISAv3M$S$PE$A:L22$X:L11$S22$IEEE1$IW$USESV6$~STKCKD$USESV7$~SHL$OTIME$ROPI$IEEEX$EBA8$MICROLIB$REQ8$PRES8$EABIv2 0x00000000   Number         0  anon$$obj.o ABSOLUTE
    __ARM_use_no_argv                        0x00000000   Number         0  main.o ABSOLUTE
    __Vectors                                0x00000000   Data           4  startup_nano103.o(RESET)
    _printf_a                                0x00000000   Number         0  stubs.o ABSOLUTE
    _printf_c                                0x00000000   Number         0  stubs.o ABSOLUTE
    _printf_charcount                        0x00000000   Number         0  stubs.o ABSOLUTE
    _printf_d                                0x00000000   Number         0  stubs.o ABSOLUTE
    _printf_e                                0x00000000   Number         0  stubs.o ABSOLUTE
    _printf_f                                0x00000000   Number         0  stubs.o ABSOLUTE
    _printf_flags                            0x00000000   Number         0  stubs.o ABSOLUTE
    _printf_fp_dec                           0x00000000   Number         0  stubs.o ABSOLUTE
    _printf_fp_hex                           0x00000000   Number         0  stubs.o ABSOLUTE
    _printf_g                                0x00000000   Number         0  stubs.o ABSOLUTE
    _printf_i                                0x00000000   Number         0  stubs.o ABSOLUTE
    _printf_int_dec                          0x00000000   Number         0  stubs.o ABSOLUTE
    _printf_l                                0x00000000   Number         0  stubs.o ABSOLUTE
    _printf_lc                               0x00000000   Number         0  stubs.o ABSOLUTE
    _printf_ll                               0x00000000   Number         0  stubs.o ABSOLUTE
    _printf_lld                              0x00000000   Number         0  stubs.o ABSOLUTE
    _printf_lli                              0x00000000   Number         0  stubs.o ABSOLUTE
    _printf_llo                              0x00000000   Number         0  stubs.o ABSOLUTE
    _printf_llu                              0x00000000   Number         0  stubs.o ABSOLUTE
    _printf_llx                              0x00000000   Number         0  stubs.o ABSOLUTE
    _printf_longlong_dec                     0x00000000   Number         0  stubs.o ABSOLUTE
    _printf_longlong_hex                     0x00000000   Number         0  stubs.o ABSOLUTE
    _printf_longlong_oct                     0x00000000   Number         0  stubs.o ABSOLUTE
    _printf_ls                               0x00000000   Number         0  stubs.o ABSOLUTE
    _printf_mbtowc                           0x00000000   Number         0  stubs.o ABSOLUTE
    _printf_n                                0x00000000   Number         0  stubs.o ABSOLUTE
    _printf_o                                0x00000000   Number         0  stubs.o ABSOLUTE
    _printf_p                                0x00000000   Number         0  stubs.o ABSOLUTE
    _printf_percent                          0x00000000   Number         0  stubs.o ABSOLUTE
    _printf_pre_padding                      0x00000000   Number         0  stubs.o ABSOLUTE
    _printf_return_value                     0x00000000   Number         0  stubs.o ABSOLUTE
    _printf_s                                0x00000000   Number         0  stubs.o ABSOLUTE
    _printf_sizespec                         0x00000000   Number         0  stubs.o ABSOLUTE
    _printf_str                              0x00000000   Number         0  stubs.o ABSOLUTE
    _printf_truncate_signed                  0x00000000   Number         0  stubs.o ABSOLUTE
    _printf_truncate_unsigned                0x00000000   Number         0  stubs.o ABSOLUTE
    _printf_u                                0x00000000   Number         0  stubs.o ABSOLUTE
    _printf_wc                               0x00000000   Number         0  stubs.o ABSOLUTE
    _printf_wctomb                           0x00000000   Number         0  stubs.o ABSOLUTE
    _printf_widthprec                        0x00000000   Number         0  stubs.o ABSOLUTE
    _printf_x                                0x00000000   Number         0  stubs.o ABSOLUTE
    __cpp_initialize__aeabi_                  - Undefined Weak Reference
    __cxa_finalize                            - Undefined Weak Reference
    __decompress                              - Undefined Weak Reference
    _clock_init                               - Undefined Weak Reference
    _microlib_exit                            - Undefined Weak Reference
    __main                                   0x000000c1   Thumb Code     0  entry.o(.ARM.Collect$$$$00000000)
    _main_stk                                0x000000c1   Thumb Code     0  entry2.o(.ARM.Collect$$$$00000001)
    _main_scatterload                        0x000000c5   Thumb Code     0  entry5.o(.ARM.Collect$$$$00000004)
    __main_after_scatterload                 0x000000c9   Thumb Code     0  entry5.o(.ARM.Collect$$$$00000004)
    _main_clock                              0x000000c9   Thumb Code     0  entry7b.o(.ARM.Collect$$$$00000008)
    _main_cpp_init                           0x000000c9   Thumb Code     0  entry8b.o(.ARM.Collect$$$$0000000A)
    _main_init                               0x000000c9   Thumb Code     0  entry9a.o(.ARM.Collect$$$$0000000B)
    __rt_final_cpp                           0x000000d1   Thumb Code     0  entry10a.o(.ARM.Collect$$$$0000000D)
    __rt_final_exit                          0x000000d1   Thumb Code     0  entry11a.o(.ARM.Collect$$$$0000000F)
    HardFault_Handler                        0x000000d5   Thumb Code    24  retarget.o(.emb_text)
    SysGet_PLLClockFreq                      0x000000f1   Thumb Code   120  system_nano103.o(.text)
    SysGet_HCLKFreq                          0x00000169   Thumb Code   110  system_nano103.o(.text)
    SystemCoreClockUpdate                    0x000001d7   Thumb Code    30  system_nano103.o(.text)
    SystemInit                               0x000001f5   Thumb Code    86  system_nano103.o(.text)
    Reset_Handler                            0x00000285   Thumb Code    34  startup_nano103.o(.text)
    NMI_Handler                              0x000002a7   Thumb Code     2  startup_nano103.o(.text)
    SVC_Handler                              0x000002ab   Thumb Code     2  startup_nano103.o(.text)
    PendSV_Handler                           0x000002ad   Thumb Code     2  startup_nano103.o(.text)
    SysTick_Handler                          0x000002af   Thumb Code     2  startup_nano103.o(.text)
    ACMP_IRQHandler                          0x000002b1   Thumb Code     0  startup_nano103.o(.text)
    ADC_IRQHandler                           0x000002b1   Thumb Code     0  startup_nano103.o(.text)
    BOD_IRQHandler                           0x000002b1   Thumb Code     0  startup_nano103.o(.text)
    EINT0_IRQHandler                         0x000002b1   Thumb Code     0  startup_nano103.o(.text)
    EINT1_IRQHandler                         0x000002b1   Thumb Code     0  startup_nano103.o(.text)
    GPABC_IRQHandler                         0x000002b1   Thumb Code     0  startup_nano103.o(.text)
    GPDEF_IRQHandler                         0x000002b1   Thumb Code     0  startup_nano103.o(.text)
    HIRC_IRQHandler                          0x000002b1   Thumb Code     0  startup_nano103.o(.text)
    PDMA_IRQHandler                          0x000002b1   Thumb Code     0  startup_nano103.o(.text)
    PDWU_IRQHandler                          0x000002b1   Thumb Code     0  startup_nano103.o(.text)
    PWM0_IRQHandler                          0x000002b1   Thumb Code     0  startup_nano103.o(.text)
    RTC_IRQHandler                           0x000002b1   Thumb Code     0  startup_nano103.o(.text)
    SC0_IRQHandler                           0x000002b1   Thumb Code     0  startup_nano103.o(.text)
    SC1_IRQHandler                           0x000002b1   Thumb Code     0  startup_nano103.o(.text)
    SPI0_IRQHandler                          0x000002b1   Thumb Code     0  startup_nano103.o(.text)
    SPI1_IRQHandler                          0x000002b1   Thumb Code     0  startup_nano103.o(.text)
    SPI2_IRQHandler                          0x000002b1   Thumb Code     0  startup_nano103.o(.text)
    SPI3_IRQHandler                          0x000002b1   Thumb Code     0  startup_nano103.o(.text)
    TMR1_IRQHandler                          0x000002b1   Thumb Code     0  startup_nano103.o(.text)
    TMR2_IRQHandler                          0x000002b1   Thumb Code     0  startup_nano103.o(.text)
    TMR3_IRQHandler                          0x000002b1   Thumb Code     0  startup_nano103.o(.text)
    UART0_IRQHandler                         0x000002b1   Thumb Code     0  startup_nano103.o(.text)
    UART1_IRQHandler                         0x000002b1   Thumb Code     0  startup_nano103.o(.text)
    WDT_IRQHandler                           0x000002b1   Thumb Code     0  startup_nano103.o(.text)
    SYS_Init                                 0x000002d5   Thumb Code   164  main.o(.text)
    main                                     0x00000379   Thumb Code   202  main.o(.text)
    TMR0_IRQHandler                          0x00000511   Thumb Code    30  nano_support.o(.text)
    I2C1_IRQHandler                          0x0000052f   Thumb Code    62  nano_support.o(.text)
    I2C_HandleSlaveReadCmd                   0x0000056d   Thumb Code   166  nano_support.o(.text)
    I2C_SlaveTRx                             0x00000613   Thumb Code   302  nano_support.o(.text)
    I2C0_IRQHandler                          0x00000741   Thumb Code    52  nano_support.o(.text)
    I2C_MasterRx                             0x00000775   Thumb Code   324  nano_support.o(.text)
    I2C_MasterTx                             0x000008b9   Thumb Code   482  nano_support.o(.text)
    delay_ms                                 0x00000a9b   Thumb Code    32  nano_support.o(.text)
    I2C_MasterWriteDataToSlave               0x00000abb   Thumb Code    94  nano_support.o(.text)
    I2C_MasterReadDataFromSlave              0x00000b19   Thumb Code    76  nano_support.o(.text)
    I2C0_Init                                0x00000b65   Thumb Code    54  nano_support.o(.text)
    I2C1_Init                                0x00000b9b   Thumb Code    64  nano_support.o(.text)
    Get_stamp_us                             0x00000bdb   Thumb Code    40  nano_support.o(.text)
    Load_State_from_Flash                    0x00000c03   Thumb Code    70  nano_support.o(.text)
    Load_Config                              0x00000c49   Thumb Code     8  nano_support.o(.text)
    Save_State_to_Flash                      0x00000c51   Thumb Code    72  nano_support.o(.text)
    set_data_flash_base                      0x00000c99   Thumb Code   100  nano_support.o(.text)
    Output_ready                             0x00000cfd   Thumb Code   124  nano_support.o(.text)
    bsec_iot_init                            0x00000f11   Thumb Code   116  bsec_integration.o(.text)
    bsec_iot_loop                            0x00001335   Thumb Code   318  bsec_integration.o(.text)
    bme680_get_regs                          0x0000152d   Thumb Code    78  bme680.o(.text)
    bme680_set_regs                          0x00001773   Thumb Code   166  bme680.o(.text)
    bme680_soft_reset                        0x00001819   Thumb Code    84  bme680.o(.text)
    bme680_init                              0x0000186d   Thumb Code    70  bme680.o(.text)
    bme680_set_sensor_mode                   0x000018ed   Thumb Code   138  bme680.o(.text)
    bme680_set_sensor_settings               0x00001ab7   Thumb Code   636  bme680.o(.text)
    bme680_get_sensor_settings               0x00001dbd   Thumb Code   202  bme680.o(.text)
    bme680_get_sensor_mode                   0x00001e87   Thumb Code    46  bme680.o(.text)
    bme680_set_profile_dur                   0x00001eb5   Thumb Code    66  bme680.o(.text)
    bme680_get_profile_dur                   0x00001ef7   Thumb Code    78  bme680.o(.text)
    bme680_get_sensor_data                   0x00002361   Thumb Code    60  bme680.o(.text)
    I2C_SetBusClockFreq                      0x0000239d   Thumb Code    66  i2c.o(.text)
    I2C_Open                                 0x000023df   Thumb Code    28  i2c.o(.text)
    I2C_Close                                0x000023fb   Thumb Code    82  i2c.o(.text)
    I2C_ClearTimeoutFlag                     0x0000244d   Thumb Code    10  i2c.o(.text)
    I2C_Trigger                              0x00002457   Thumb Code    56  i2c.o(.text)
    I2C_DisableInt                           0x0000248f   Thumb Code    10  i2c.o(.text)
    I2C_EnableInt                            0x00002499   Thumb Code    10  i2c.o(.text)
    I2C_GetBusClockFreq                      0x000024a3   Thumb Code    48  i2c.o(.text)
    I2C_GetIntFlag                           0x000024d3   Thumb Code    16  i2c.o(.text)
    I2C_ClearIntFlag                         0x000024e3   Thumb Code    10  i2c.o(.text)
    I2C_GetStatus                            0x000024ed   Thumb Code     6  i2c.o(.text)
    I2C_GetData                              0x000024f3   Thumb Code     6  i2c.o(.text)
    I2C_SetData                              0x000024f9   Thumb Code     4  i2c.o(.text)
    I2C_SetSlaveAddr                         0x000024fd   Thumb Code    40  i2c.o(.text)
    I2C_SetSlaveAddrMask                     0x00002525   Thumb Code    32  i2c.o(.text)
    I2C_EnableTimeout                        0x00002545   Thumb Code    32  i2c.o(.text)
    I2C_DisableTimeout                       0x00002565   Thumb Code    10  i2c.o(.text)
    I2C_EnableWakeup                         0x0000256f   Thumb Code    10  i2c.o(.text)
    I2C_DisableWakeup                        0x00002579   Thumb Code    10  i2c.o(.text)
    _UART_GetUartClk                         0x00002589   Thumb Code   162  uart.o(.text)
    UART_ClearIntFlag                        0x0000262b   Thumb Code    88  uart.o(.text)
    UART_Close                               0x00002683   Thumb Code     6  uart.o(.text)
    UART_DisableFlowCtrl                     0x00002689   Thumb Code    10  uart.o(.text)
    UART_DisableInt                          0x00002693   Thumb Code     8  uart.o(.text)
    UART_EnableFlowCtrl                      0x0000269b   Thumb Code    18  uart.o(.text)
    UART_EnableInt                           0x000026ad   Thumb Code     8  uart.o(.text)
    UART_Open                                0x000026b5   Thumb Code    82  uart.o(.text)
    UART_Read                                0x00002707   Thumb Code    52  uart.o(.text)
    UART_SetLine_Config                      0x0000273b   Thumb Code    90  uart.o(.text)
    UART_SetTimeoutCnt                       0x00002795   Thumb Code    20  uart.o(.text)
    UART_SelectIrDAMode                      0x000027a9   Thumb Code    80  uart.o(.text)
    UART_SelectRS485Mode                     0x000027f9   Thumb Code    22  uart.o(.text)
    UART_SelectLINMode                       0x0000280f   Thumb Code    34  uart.o(.text)
    UART_Write                               0x00002831   Thumb Code    54  uart.o(.text)
    CLK_DisableCKO                           0x00002889   Thumb Code    14  clk.o(.text)
    CLK_EnableCKO                            0x00002897   Thumb Code    42  clk.o(.text)
    CLK_PowerDown                            0x000028c1   Thumb Code    22  clk.o(.text)
    CLK_Idle                                 0x000028d7   Thumb Code    16  clk.o(.text)
    CLK_GetHXTFreq                           0x000028e7   Thumb Code    20  clk.o(.text)
    CLK_GetLXTFreq                           0x000028fb   Thumb Code    20  clk.o(.text)
    CLK_GetHCLKFreq                          0x0000290f   Thumb Code    12  clk.o(.text)
    CLK_GetPCLK0Freq                         0x0000291b   Thumb Code    44  clk.o(.text)
    CLK_GetPCLK1Freq                         0x00002947   Thumb Code    48  clk.o(.text)
    CLK_GetCPUFreq                           0x00002977   Thumb Code    12  clk.o(.text)
    CLK_GetPLLClockFreq                      0x00002983   Thumb Code   120  clk.o(.text)
    CLK_SetHCLK                              0x000029fb   Thumb Code    38  clk.o(.text)
    CLK_WaitClockReady                       0x00002a21   Thumb Code    32  clk.o(.text)
    CLK_EnablePLL                            0x00002a41   Thumb Code   282  clk.o(.text)
    CLK_SetCoreClock                         0x00002b5b   Thumb Code    80  clk.o(.text)
    CLK_SetPCLK0                             0x00002bab   Thumb Code    16  clk.o(.text)
    CLK_SetPCLK1                             0x00002bbb   Thumb Code    16  clk.o(.text)
    CLK_SetModuleClock                       0x00002bcb   Thumb Code    96  clk.o(.text)
    CLK_EnableXtalRC                         0x00002c2b   Thumb Code    12  clk.o(.text)
    CLK_DisableXtalRC                        0x00002c37   Thumb Code    12  clk.o(.text)
    CLK_EnableModuleClock                    0x00002c43   Thumb Code    32  clk.o(.text)
    CLK_DisableModuleClock                   0x00002c63   Thumb Code    82  clk.o(.text)
    CLK_DisablePLL                           0x00002cb5   Thumb Code    16  clk.o(.text)
    CLK_SysTickDelay                         0x00002cc5   Thumb Code    42  clk.o(.text)
    CLK_EnableSysTick                        0x00002cef   Thumb Code    60  clk.o(.text)
    CLK_DisableSysTick                       0x00002d2b   Thumb Code     8  clk.o(.text)
    stackDump                                0x00002d41   Thumb Code    70  retarget.o(.text)
    Hard_Fault_Handler                       0x00002d87   Thumb Code    18  retarget.o(.text)
    SendChar_ToUART                          0x00002d99   Thumb Code    48  retarget.o(.text)
    SendChar                                 0x00002dc9   Thumb Code    12  retarget.o(.text)
    GetChar                                  0x00002dd5   Thumb Code    24  retarget.o(.text)
    kbhit                                    0x00002ded   Thumb Code    12  retarget.o(.text)
    IsDebugFifoEmpty                         0x00002df9   Thumb Code    14  retarget.o(.text)
    _ttywrch                                 0x00002e07   Thumb Code    12  retarget.o(.text)
    fputc                                    0x00002e13   Thumb Code    16  retarget.o(.text)
    fgetc                                    0x00002e23   Thumb Code    10  retarget.o(.text)
    ferror                                   0x00002e2d   Thumb Code     8  retarget.o(.text)
    TIMER_GetModuleClock                     0x00002eb1   Thumb Code   244  timer.o(.text)
    TIMER_Open                               0x00002fa5   Thumb Code    84  timer.o(.text)
    TIMER_Close                              0x00002ff9   Thumb Code     8  timer.o(.text)
    TIMER_Delay                              0x00003001   Thumb Code   150  timer.o(.text)
    TIMER_EnableCapture                      0x00003097   Thumb Code    24  timer.o(.text)
    TIMER_DisableCapture                     0x000030af   Thumb Code    12  timer.o(.text)
    TIMER_EnableEventCounter                 0x000030bb   Thumb Code    22  timer.o(.text)
    TIMER_DisableEventCounter                0x000030d1   Thumb Code    12  timer.o(.text)
    TIMER_ResetCounter                       0x000030dd   Thumb Code     6  timer.o(.text)
    TIMER_EnableFreqCounter                  0x000030e3   Thumb Code    66  timer.o(.text)
    TIMER_DisableFreqCounter                 0x00003125   Thumb Code    12  timer.o(.text)
    TIMER_SetTriggerSource                   0x00003131   Thumb Code    14  timer.o(.text)
    TIMER_SetTriggerTarget                   0x0000313f   Thumb Code    12  timer.o(.text)
    FMC_Close                                0x00003189   Thumb Code    14  fmc.o(.text)
    FMC_Erase                                0x00003197   Thumb Code    62  fmc.o(.text)
    FMC_GetBootSource                        0x000031d5   Thumb Code    20  fmc.o(.text)
    FMC_Open                                 0x000031e9   Thumb Code    14  fmc.o(.text)
    FMC_Read                                 0x000031f7   Thumb Code    36  fmc.o(.text)
    FMC_ReadCID                              0x0000321b   Thumb Code    34  fmc.o(.text)
    FMC_ReadPID                              0x0000323d   Thumb Code    34  fmc.o(.text)
    FMC_ReadUCID                             0x0000325f   Thumb Code    38  fmc.o(.text)
    FMC_ReadUID                              0x00003285   Thumb Code    36  fmc.o(.text)
    FMC_ReadDataFlashBaseAddr                0x000032a9   Thumb Code     6  fmc.o(.text)
    FMC_SetVectorPageAddr                    0x000032af   Thumb Code    30  fmc.o(.text)
    FMC_GetVectorPageAddr                    0x000032cd   Thumb Code    12  fmc.o(.text)
    FMC_Write                                0x000032d9   Thumb Code    32  fmc.o(.text)
    FMC_ReadConfig                           0x000032f9   Thumb Code    36  fmc.o(.text)
    FMC_WriteConfig                          0x0000331d   Thumb Code    58  fmc.o(.text)
    FMC_GetChkSum                            0x00003357   Thumb Code   142  fmc.o(.text)
    FMC_CheckAllOne                          0x000033e5   Thumb Code   164  fmc.o(.text)
    FMC_SKey_Setup                           0x00003489   Thumb Code   400  fmc.o(.text)
    FMC_SKey_Compare                         0x00003619   Thumb Code   142  fmc.o(.text)
    __aeabi_uidiv                            0x00003761   Thumb Code     0  uidiv.o(.text)
    __aeabi_uidivmod                         0x00003761   Thumb Code    44  uidiv.o(.text)
    __aeabi_idiv                             0x0000378d   Thumb Code     0  idiv.o(.text)
    __aeabi_idivmod                          0x0000378d   Thumb Code    40  idiv.o(.text)
    __aeabi_uldivmod                         0x000037b5   Thumb Code    96  uldiv.o(.text)
    __aeabi_ldivmod                          0x00003815   Thumb Code    76  ldiv.o(.text)
    __aeabi_lmul                             0x00003861   Thumb Code   122  llmul.o(.text)
    _ll_mul                                  0x00003861   Thumb Code     0  llmul.o(.text)
    __aeabi_memcpy                           0x000038db   Thumb Code    36  memcpya.o(.text)
    __aeabi_memcpy4                          0x000038db   Thumb Code     0  memcpya.o(.text)
    __aeabi_memcpy8                          0x000038db   Thumb Code     0  memcpya.o(.text)
    __aeabi_memset                           0x000038ff   Thumb Code    14  memseta.o(.text)
    __aeabi_memset4                          0x000038ff   Thumb Code     0  memseta.o(.text)
    __aeabi_memset8                          0x000038ff   Thumb Code     0  memseta.o(.text)
    __aeabi_memclr                           0x0000390d   Thumb Code     4  memseta.o(.text)
    __aeabi_memclr4                          0x0000390d   Thumb Code     0  memseta.o(.text)
    __aeabi_memclr8                          0x0000390d   Thumb Code     0  memseta.o(.text)
    _memset$wrapper                          0x00003911   Thumb Code    18  memseta.o(.text)
    __aeabi_fadd                             0x00003923   Thumb Code   162  fadd.o(.text)
    __aeabi_fsub                             0x000039c5   Thumb Code     8  fadd.o(.text)
    __aeabi_frsub                            0x000039cd   Thumb Code     8  fadd.o(.text)
    __aeabi_fmul                             0x000039d5   Thumb Code   122  fmul.o(.text)
    __aeabi_fdiv                             0x00003a4f   Thumb Code   124  fdiv.o(.text)
    __ARM_scalbnf                            0x00003acb   Thumb Code    24  fscalb.o(.text)
    scalbnf                                  0x00003acb   Thumb Code     0  fscalb.o(.text)
    __aeabi_dadd                             0x00003ae5   Thumb Code   328  dadd.o(.text)
    __aeabi_dsub                             0x00003c2d   Thumb Code    12  dadd.o(.text)
    __aeabi_drsub                            0x00003c39   Thumb Code    12  dadd.o(.text)
    __aeabi_dmul                             0x00003c49   Thumb Code   202  dmul.o(.text)
    __aeabi_i2f                              0x00003d19   Thumb Code    22  fflti.o(.text)
    __aeabi_ui2f                             0x00003d2f   Thumb Code    14  ffltui.o(.text)
    __aeabi_l2f                              0x00003d3d   Thumb Code    44  ffltl.o(.text)
    __aeabi_ui2d                             0x00003d69   Thumb Code    24  dfltui.o(.text)
    __aeabi_f2iz                             0x00003d85   Thumb Code    50  ffixi.o(.text)
    __aeabi_f2uiz                            0x00003db7   Thumb Code    40  ffixui.o(.text)
    __aeabi_d2uiz                            0x00003de1   Thumb Code    50  dfixui.o(.text)
    __aeabi_f2d                              0x00003e1d   Thumb Code    40  f2d.o(.text)
    __aeabi_cdcmpeq                          0x00003e45   Thumb Code     0  cdcmple.o(.text)
    __aeabi_cdcmple                          0x00003e45   Thumb Code    38  cdcmple.o(.text)
    __aeabi_cdrcmple                         0x00003e6d   Thumb Code    38  cdrcmple.o(.text)
    __aeabi_d2f                              0x00003e95   Thumb Code    56  d2f.o(.text)
    __aeabi_cfcmpeq                          0x00003ecd   Thumb Code     0  cfcmple.o(.text)
    __aeabi_cfcmple                          0x00003ecd   Thumb Code    20  cfcmple.o(.text)
    __aeabi_cfrcmple                         0x00003ee1   Thumb Code    20  cfrcmple.o(.text)
    __aeabi_llsl                             0x00003ef5   Thumb Code    32  llshl.o(.text)
    _ll_shift_l                              0x00003ef5   Thumb Code     0  llshl.o(.text)
    __aeabi_llsr                             0x00003f15   Thumb Code    34  llushr.o(.text)
    _ll_ushift_r                             0x00003f15   Thumb Code     0  llushr.o(.text)
    __aeabi_lasr                             0x00003f37   Thumb Code    38  llsshr.o(.text)
    _ll_sshift_r                             0x00003f37   Thumb Code     0  llsshr.o(.text)
    __I$use$fp                               0x00003f5d   Thumb Code     0  iusefp.o(.text)
    _float_round                             0x00003f5d   Thumb Code    16  fepilogue.o(.text)
    _float_epilogue                          0x00003f6d   Thumb Code   114  fepilogue.o(.text)
    _fsqrt                                   0x00003fdf   Thumb Code    88  fsqrt.o(.text)
    _frnd                                    0x00004037   Thumb Code    62  frnd.o(.text)
    _double_round                            0x00004075   Thumb Code    26  depilogue.o(.text)
    _double_epilogue                         0x0000408f   Thumb Code   164  depilogue.o(.text)
    __aeabi_ddiv                             0x00004135   Thumb Code   234  ddiv.o(.text)
    __aeabi_d2ulz                            0x00004225   Thumb Code    54  dfixul.o(.text)
    _ffix_r                                  0x00004265   Thumb Code    76  ffixir.o(.text)
    __ARM_fcmp4                              0x000042b1   Thumb Code    48  fcmp4.o(.text)
    _fcmp4                                   0x000042b1   Thumb Code     0  fcmp4.o(.text)
    __fp_status                              0x000042e9   Thumb Code     4  fpstat.o(.text)
    __ieee_status                            0x000042e9   Thumb Code     0  fpstat.o(.text)
    __scatterload                            0x000042ed   Thumb Code    28  init.o(.text)
    __scatterload_rt2                        0x000042ed   Thumb Code     0  init.o(.text)
    __0printf                                0x00004311   Thumb Code    24  printfa.o(i.__0printf)
    __1printf                                0x00004311   Thumb Code     0  printfa.o(i.__0printf)
    __2printf                                0x00004311   Thumb Code     0  printfa.o(i.__0printf)
    __c89printf                              0x00004311   Thumb Code     0  printfa.o(i.__0printf)
    printf                                   0x00004311   Thumb Code     0  printfa.o(i.__0printf)
    __ARM_clz                                0x00004331   Thumb Code    46  depilogue.o(i.__ARM_clz)
    __ARM_common_ll_mulss                    0x0000435f   Thumb Code    48  bme680.o(i.__ARM_common_ll_mulss)
    __ARM_common_ll_muluu                    0x0000438f   Thumb Code    48  timer.o(i.__ARM_common_ll_muluu)
    __ARM_common_switch8                     0x000043bf   Thumb Code    26  Bsec.o(i.__ARM_common_switch8)
    __ARM_fpclassifyf                        0x000043d9   Thumb Code    34  fpclassifyf.o(i.__ARM_fpclassifyf)
    __mathlib_flt_divzero                    0x000043fb   Thumb Code    14  funder.o(i.__mathlib_flt_divzero)
    __mathlib_flt_infnan                     0x00004409   Thumb Code    10  funder.o(i.__mathlib_flt_infnan)
    __mathlib_flt_infnan2                    0x00004413   Thumb Code     8  funder.o(i.__mathlib_flt_infnan2)
    __mathlib_flt_invalid                    0x0000441b   Thumb Code    12  funder.o(i.__mathlib_flt_invalid)
    __mathlib_flt_overflow                   0x00004427   Thumb Code    14  funder.o(i.__mathlib_flt_overflow)
    __mathlib_flt_underflow                  0x00004435   Thumb Code    14  funder.o(i.__mathlib_flt_underflow)
    __mathlib_rredf2                         0x00004445   Thumb Code   366  rredf.o(i.__mathlib_rredf2)
    __scatterload_copy                       0x000045c5   Thumb Code    14  handlers.o(i.__scatterload_copy)
    __scatterload_null                       0x000045d3   Thumb Code     2  handlers.o(i.__scatterload_null)
    __scatterload_zeroinit                   0x000045d5   Thumb Code    14  handlers.o(i.__scatterload_zeroinit)
    __set_errno                              0x000045e5   Thumb Code     6  errno.o(i.__set_errno)
    bsec_Bsec_applyUpdateSubscription        0x00004e9d   Thumb Code   226  Bsec.o(i.bsec_Bsec_applyUpdateSubscription)
    bsec_Bsec_checkIfSensorRequired          0x00004f8d   Thumb Code    84  Bsec.o(i.bsec_Bsec_checkIfSensorRequired)
    bsec_Bsec_checkSamplIntvlCompatibilty    0x00004fe9   Thumb Code   450  Bsec.o(i.bsec_Bsec_checkSamplIntvlCompatibilty)
    bsec_Bsec_getModHeatingDuration          0x000051c1   Thumb Code   102  Bsec.o(i.bsec_Bsec_getModHeatingDuration)
    bsec_Bsec_requestOutput                  0x00005245   Thumb Code    54  Bsec.o(i.bsec_Bsec_requestOutput)
    bsec_Bsec_setHyperConfiguration          0x00005285   Thumb Code   526  Bsec.o(i.bsec_Bsec_setHyperConfiguration)
    bsec_Bsec_setHyperState                  0x000054bd   Thumb Code   122  Bsec.o(i.bsec_Bsec_setHyperState)
    bsec_ChannelHub_ChannelHub               0x00005541   Thumb Code    88  ChannelHub.o(i.bsec_ChannelHub_ChannelHub)
    bsec_ChannelHub_do                       0x0000559d   Thumb Code   886  ChannelHub.o(i.bsec_ChannelHub_do)
    bsec_ChannelHub_getOutput                0x0000591d   Thumb Code    78  ChannelHub.o(i.bsec_ChannelHub_getOutput)
    bsec_ChannelHub_isOutputValid            0x000059fd   Thumb Code    26  ChannelHub.o(i.bsec_ChannelHub_isOutputValid)
    bsec_ChannelHub_recalculateDownsampling  0x00005a19   Thumb Code   222  ChannelHub.o(i.bsec_ChannelHub_recalculateDownsampling)
    bsec_ChannelHub_resetSamplIntvls         0x00005b99   Thumb Code    98  ChannelHub.o(i.bsec_ChannelHub_resetSamplIntvls)
    bsec_ChannelHub_setInput                 0x00005c01   Thumb Code    86  ChannelHub.o(i.bsec_ChannelHub_setInput)
    bsec_ChannelHub_updateChannelInterfaceDependency 0x00005cc5   Thumb Code   102  ChannelHub.o(i.bsec_ChannelHub_updateChannelInterfaceDependency)
    bsec_ChannelHub_updateOutputSamplIntvl   0x00005d35   Thumb Code   148  ChannelHub.o(i.bsec_ChannelHub_updateOutputSamplIntvl)
    bsec_Channel_reset                       0x00005dd5   Thumb Code    32  Channel.o(i.bsec_Channel_reset)
    bsec_ExpSmoothingBsec_ExpSmoothingBsec   0x00005df9   Thumb Code    40  ExpSmoothingBsec.o(i.bsec_ExpSmoothingBsec_ExpSmoothingBsec)
    bsec_ExpSmoothing_setCoeffFromBandwidth  0x00005e21   Thumb Code   142  ExpSmoothing.o(i.bsec_ExpSmoothing_setCoeffFromBandwidth)
    bsec_ExpSmoothing_setState               0x00005eb5   Thumb Code    26  ExpSmoothing.o(i.bsec_ExpSmoothing_setState)
    bsec_GasHumidityBaselineTracker_GasHumidityBaselineTracker 0x00005ed1   Thumb Code   114  GasHumidityBaselineTracker.o(i.bsec_GasHumidityBaselineTracker_GasHumidityBaselineTracker)
    bsec_GasHumidityBaselineTracker_doStep   0x000060b9   Thumb Code   338  GasHumidityBaselineTracker.o(i.bsec_GasHumidityBaselineTracker_doStep)
    bsec_GasHumidityBaselineTracker_setState 0x00006463   Thumb Code    28  GasHumidityBaselineTracker.o(i.bsec_GasHumidityBaselineTracker_setState)
    bsec_GasHumidityBaselineTracker_updateInterfaceDependency 0x00006481   Thumb Code   168  GasHumidityBaselineTracker.o(i.bsec_GasHumidityBaselineTracker_updateInterfaceDependency)
    bsec_GasHumidityPreProcessor_GasHumidityPreProcessor 0x00006541   Thumb Code    56  GasHumidityPreProcessor.o(i.bsec_GasHumidityPreProcessor_GasHumidityPreProcessor)
    bsec_GasHumidityPreProcessor_doStep      0x0000657d   Thumb Code   152  GasHumidityPreProcessor.o(i.bsec_GasHumidityPreProcessor_doStep)
    bsec_GasHumidityPreProcessor_updateInterfaceDependency 0x00006619   Thumb Code    92  GasHumidityPreProcessor.o(i.bsec_GasHumidityPreProcessor_updateInterfaceDependency)
    bsec_HumidityTemperatureCorrector_HumidityTemperatureCorrector 0x00006679   Thumb Code    42  HumidityTemperatureCorrector.o(i.bsec_HumidityTemperatureCorrector_HumidityTemperatureCorrector)
    bsec_HumidityTemperatureCorrector_doStep 0x000066a5   Thumb Code   124  HumidityTemperatureCorrector.o(i.bsec_HumidityTemperatureCorrector_doStep)
    bsec_HumidityTemperatureCorrector_updateInterfaceDependency 0x00006729   Thumb Code   102  HumidityTemperatureCorrector.o(i.bsec_HumidityTemperatureCorrector_updateInterfaceDependency)
    bsec_IaqEstimator_configure              0x0000679d   Thumb Code    52  IaqEstimator.o(i.bsec_IaqEstimator_configure)
    bsec_IaqEstimator_doStep                 0x000067d5   Thumb Code   378  IaqEstimator.o(i.bsec_IaqEstimator_doStep)
    bsec_IaqEstimator_updateInterfaceDependency 0x000069dd   Thumb Code    66  IaqEstimator.o(i.bsec_IaqEstimator_updateInterfaceDependency)
    bsec_RingBufferBsec_RingBufferBsec       0x00006a25   Thumb Code    30  RingBufferBsec.o(i.bsec_RingBufferBsec_RingBufferBsec)
    bsec_RingBuffer_do                       0x00006a43   Thumb Code   136  RingBuffer.o(i.bsec_RingBuffer_do)
    bsec_RingBuffer_getAt                    0x00006acb   Thumb Code    44  RingBuffer.o(i.bsec_RingBuffer_getAt)
    bsec_RingBuffer_reset                    0x00006af7   Thumb Code    58  RingBuffer.o(i.bsec_RingBuffer_reset)
    bsec_RingBuffer_setLength                0x00006b31   Thumb Code    24  RingBuffer.o(i.bsec_RingBuffer_setLength)
    bsec_SensorHeatCompensator_configure     0x00006b49   Thumb Code   194  SensorHeatCompensator.o(i.bsec_SensorHeatCompensator_configure)
    bsec_SensorHeatCompensator_doStep        0x00006c1d   Thumb Code   334  SensorHeatCompensator.o(i.bsec_SensorHeatCompensator_doStep)
    bsec_SensorHeatCompensator_updateInterfaceDependency 0x00006d6d   Thumb Code    44  SensorHeatCompensator.o(i.bsec_SensorHeatCompensator_updateInterfaceDependency)
    bsec_SensorStatusTracker_SensorStatusTracker 0x00006d9d   Thumb Code    40  SensorStatusTracker.o(i.bsec_SensorStatusTracker_SensorStatusTracker)
    bsec_SensorStatusTracker_doStep          0x00006dc9   Thumb Code   208  SensorStatusTracker.o(i.bsec_SensorStatusTracker_doStep)
    bsec_SensorStatusTracker_updateInterfaceDependency 0x00006ea9   Thumb Code    60  SensorStatusTracker.o(i.bsec_SensorStatusTracker_updateInterfaceDependency)
    bsec_b_ExpSmoothingBsec_ExpSmoothingBsec 0x00006f55   Thumb Code    40  ExpSmoothingBsec.o(i.bsec_b_ExpSmoothingBsec_ExpSmoothingBsec)
    bsec_b_ExpSmoothing_setCoeffFromBandwidth 0x00006f7d   Thumb Code   142  ExpSmoothing.o(i.bsec_b_ExpSmoothing_setCoeffFromBandwidth)
    bsec_b_rdivide                           0x00007011   Thumb Code    22  rdivide.o(i.bsec_b_rdivide)
    bsec_b_sin                               0x00007027   Thumb Code    24  sin.o(i.bsec_b_sin)
    bsec_b_sqrt                              0x0000703f   Thumb Code    24  sqrt.o(i.bsec_b_sqrt)
    bsec_c_ExpSmoothingBsec_ExpSmoothingBsec 0x00007057   Thumb Code    16  ExpSmoothingBsec.o(i.bsec_c_ExpSmoothingBsec_ExpSmoothingBsec)
    bsec_codegen_do_steps                    0x00007069   Thumb Code   512  bsec_codegen_do_steps.o(i.bsec_codegen_do_steps)
    bsec_codegen_get_version                 0x0000727d   Thumb Code    16  bsec_codegen_get_version.o(i.bsec_codegen_get_version)
    bsec_codegen_init                        0x0000728d   Thumb Code     8  bsec_codegen_init.o(i.bsec_codegen_init)
    bsec_codegen_sensor_control              0x00007295   Thumb Code   774  bsec_codegen_sensor_control.o(i.bsec_codegen_sensor_control)
    bsec_codegen_update_subscription         0x000075ad   Thumb Code   740  bsec_codegen_update_subscription.o(i.bsec_codegen_update_subscription)
    bsec_constructor_bsec                    0x000078c5   Thumb Code    24  constructor_bsec.o(i.bsec_constructor_bsec)
    bsec_convertHumidity                     0x000078dd   Thumb Code   190  convertHumidity.o(i.bsec_convertHumidity)
    bsec_do_steps                            0x00007a61   Thumb Code    28  bsec_interface.o(i.bsec_do_steps)
    bsec_get_version                         0x00007a81   Thumb Code    14  bsec_interface.o(i.bsec_get_version)
    bsec_init                                0x00007a95   Thumb Code    12  bsec_interface.o(i.bsec_init)
    bsec_normalizeFilterBw                   0x00007aa5   Thumb Code    50  normalizeFilterBw.o(i.bsec_normalizeFilterBw)
    bsec_rdivide                             0x00007ad7   Thumb Code     8  rdivide.o(i.bsec_rdivide)
    bsec_sensor_control                      0x00007b51   Thumb Code    26  bsec_interface.o(i.bsec_sensor_control)
    bsec_sin                                 0x00007b71   Thumb Code    24  sin.o(i.bsec_sin)
    bsec_sqrt                                0x00007b89   Thumb Code    24  sqrt.o(i.bsec_sqrt)
    bsec_update_subscription                 0x00007ba1   Thumb Code    28  bsec_interface.o(i.bsec_update_subscription)
    ceil                                     0x00007bc1   Thumb Code   180  ceil.o(i.ceil)
    __mathlib_expf                           0x00007c89   Thumb Code     0  expf.o(i.expf)
    expf                                     0x00007c89   Thumb Code   294  expf.o(i.expf)
    floor                                    0x00007de1   Thumb Code   180  floor.o(i.floor)
    floorf                                   0x00007ea9   Thumb Code    98  floorf.o(i.floorf)
    fmaxf                                    0x00007f19   Thumb Code    38  fmaxf.o(i.fmaxf)
    fminf                                    0x00007f3f   Thumb Code    38  fminf.o(i.fminf)
    log10f                                   0x00007f65   Thumb Code   368  log10f.o(i.log10f)
    __mathlib_logf                           0x00008109   Thumb Code     0  logf.o(i.logf)
    logf                                     0x00008109   Thumb Code   338  logf.o(i.logf)
    __mathlib_powf                           0x00008285   Thumb Code     0  powf.o(i.powf)
    powf                                     0x00008285   Thumb Code  1538  powf.o(i.powf)
    roundf                                   0x000088c3   Thumb Code   116  roundf.o(i.roundf)
    sinf                                     0x00008939   Thumb Code   330  sinf.o(i.sinf)
    sqrtf                                    0x00008abd   Thumb Code    44  sqrtf.o(i.sqrtf)
    Region$$Table$$Base                      0x0000908c   Number         0  anon$$obj.o(Region$$Table)
    Region$$Table$$Limit                     0x000090ac   Number         0  anon$$obj.o(Region$$Table)
    SystemCoreClock                          0x20000000   Data           4  system_nano103.o(.data)
    CyclesPerUs                              0x20000004   Data           4  system_nano103.o(.data)
    g_u8DeviceAddr                           0x20000008   Data           1  nano_support.o(.data)
    g_u8SlaveRegrAddr                        0x20000009   Data           1  nano_support.o(.data)
    g_u8TxData                               0x2000000c   Data           4  nano_support.o(.data)
    g_u8RxData                               0x20000010   Data           4  nano_support.o(.data)
    g_u8DataLen                              0x20000014   Data           1  nano_support.o(.data)
    g_u8TxDataCounter                        0x20000015   Data           1  nano_support.o(.data)
    g_u8RxDataCounter                        0x20000016   Data           1  nano_support.o(.data)
    g_u8EndFlag                              0x20000017   Data           1  nano_support.o(.data)
    g_u32SlaveBuffAddr                       0x20000018   Data           4  nano_support.o(.data)
    g_au8SlaveRxData                         0x2000001c   Data           3  nano_support.o(.data)
    g_u8SlaveDataLen                         0x2000001f   Data           1  nano_support.o(.data)
    g_u8SlaveWriteDataLen                    0x20000020   Data           1  nano_support.o(.data)
    g_u8SlaveRegisterAddr                    0x20000021   Data           1  nano_support.o(.data)
    Global_timestamp_ms                      0x20000028   Data           8  nano_support.o(.data)
    s_I2C1HandlerFn                          0x20000030   Data           4  nano_support.o(.data)
    bsec_config_iaq                          0x20000034   Data         304  bsec_integration.o(.data)
    iaq                                      0x20000168   Data           4  bsec_integration.o(.data)
    iaq_accuracy                             0x2000016c   Data           1  bsec_integration.o(.data)
    raw_temp                                 0x20000170   Data           4  bsec_integration.o(.data)
    raw_pressure                             0x20000174   Data           4  bsec_integration.o(.data)
    raw_humidity                             0x20000178   Data           4  bsec_integration.o(.data)
    raw_gas                                  0x2000017c   Data           4  bsec_integration.o(.data)
    sw_humidity                              0x20000180   Data           4  bsec_integration.o(.data)
    sw_temp                                  0x20000184   Data           4  bsec_integration.o(.data)
    Temperature_MSB                          0x20000188   Data           1  bsec_integration.o(.data)
    Temperature_LSB                          0x20000189   Data           1  bsec_integration.o(.data)
    Temperature_Sign                         0x2000018a   Data           1  bsec_integration.o(.data)
    Pressure_MSB                             0x2000018b   Data           1  bsec_integration.o(.data)
    Pressure_LSB                             0x2000018c   Data           1  bsec_integration.o(.data)
    Humidity_MSB                             0x2000018d   Data           1  bsec_integration.o(.data)
    Humidity_LSB                             0x2000018e   Data           1  bsec_integration.o(.data)
    IAQ_MSB                                  0x2000018f   Data           1  bsec_integration.o(.data)
    IAQ_LSB                                  0x20000190   Data           1  bsec_integration.o(.data)
    Acc_X_MSB                                0x20000191   Data           1  bsec_integration.o(.data)
    Acc_X_LSB                                0x20000192   Data           1  bsec_integration.o(.data)
    Acc_Y_MSB                                0x20000193   Data           1  bsec_integration.o(.data)
    Acc_Y_LSB                                0x20000194   Data           1  bsec_integration.o(.data)
    Acc_Z_MSB                                0x20000195   Data           1  bsec_integration.o(.data)
    Acc_Z_LSB                                0x20000196   Data           1  bsec_integration.o(.data)
    lookupTable1                             0x20000198   Data          64  bme680.o(.data)
    lookupTable2                             0x200001d8   Data          64  bme680.o(.data)
    __stdout                                 0x20000218   Data           4  retarget.o(.data)
    __stdin                                  0x2000021c   Data           4  retarget.o(.data)
    __initial_sp                             0x20000b68   Data           0  startup_nano103.o(STACK)



==============================================================================

Memory Map of the image

  Image Entry point : 0x00000285

  Load Region LR_1 (Base: 0x00000000, Size: 0x000092d0, Max: 0xffffffff, ABSOLUTE)

    Execution Region ER_RO (Base: 0x00000000, Size: 0x000090ac, Max: 0xffffffff, ABSOLUTE)

    Base Addr    Size         Type   Attr      Idx    E Section Name        Object

    0x00000000   0x000000c0   Data   RO          106    RESET               startup_nano103.o
    0x000000c0   0x00000000   Code   RO          737  * .ARM.Collect$$$$00000000  mc_p.l(entry.o)
    0x000000c0   0x00000004   Code   RO         1072    .ARM.Collect$$$$00000001  mc_p.l(entry2.o)
    0x000000c4   0x00000004   Code   RO         1075    .ARM.Collect$$$$00000004  mc_p.l(entry5.o)
    0x000000c8   0x00000000   Code   RO         1077    .ARM.Collect$$$$00000008  mc_p.l(entry7b.o)
    0x000000c8   0x00000000   Code   RO         1079    .ARM.Collect$$$$0000000A  mc_p.l(entry8b.o)
    0x000000c8   0x00000008   Code   RO         1080    .ARM.Collect$$$$0000000B  mc_p.l(entry9a.o)
    0x000000d0   0x00000000   Code   RO         1082    .ARM.Collect$$$$0000000D  mc_p.l(entry10a.o)
    0x000000d0   0x00000000   Code   RO         1084    .ARM.Collect$$$$0000000F  mc_p.l(entry11a.o)
    0x000000d0   0x00000004   Code   RO         1073    .ARM.Collect$$$$00002712  mc_p.l(entry2.o)
    0x000000d4   0x0000001c   Code   RO          403    .emb_text           retarget.o
    0x000000f0   0x00000194   Code   RO            3    .text               system_nano103.o
    0x00000284   0x00000050   Code   RO          107  * .text               startup_nano103.o
    0x000002d4   0x0000023c   Code   RO          113    .text               main.o
    0x00000510   0x000009ac   Code   RO          187    .text               nano_support.o
    0x00000ebc   0x000005d4   Code   RO          223    .text               bsec_integration.o
    0x00001490   0x00000f0c   Code   RO          260    .text               bme680.o
    0x0000239c   0x000001ec   Code   RO          322    .text               i2c.o
    0x00002588   0x00000300   Code   RO          362    .text               uart.o
    0x00002888   0x000004b8   Code   RO          382    .text               clk.o
    0x00002d40   0x00000170   Code   RO          404    .text               retarget.o
    0x00002eb0   0x000002d8   Code   RO          434    .text               timer.o
    0x00003188   0x000005d8   Code   RO          457    .text               fmc.o
    0x00003760   0x0000002c   Code   RO          738    .text               mc_p.l(uidiv.o)
    0x0000378c   0x00000028   Code   RO          740    .text               mc_p.l(idiv.o)
    0x000037b4   0x00000060   Code   RO          742    .text               mc_p.l(uldiv.o)
    0x00003814   0x0000004c   Code   RO          744    .text               mc_p.l(ldiv.o)
    0x00003860   0x0000007a   Code   RO          746    .text               mc_p.l(llmul.o)
    0x000038da   0x00000024   Code   RO          748    .text               mc_p.l(memcpya.o)
    0x000038fe   0x00000024   Code   RO          750    .text               mc_p.l(memseta.o)
    0x00003922   0x000000b2   Code   RO         1015    .text               mf_p.l(fadd.o)
    0x000039d4   0x0000007a   Code   RO         1017    .text               mf_p.l(fmul.o)
    0x00003a4e   0x0000007c   Code   RO         1019    .text               mf_p.l(fdiv.o)
    0x00003aca   0x00000018   Code   RO         1021    .text               mf_p.l(fscalb.o)
    0x00003ae2   0x00000002   PAD
    0x00003ae4   0x00000164   Code   RO         1023    .text               mf_p.l(dadd.o)
    0x00003c48   0x000000d0   Code   RO         1025    .text               mf_p.l(dmul.o)
    0x00003d18   0x00000016   Code   RO         1027    .text               mf_p.l(fflti.o)
    0x00003d2e   0x0000000e   Code   RO         1029    .text               mf_p.l(ffltui.o)
    0x00003d3c   0x0000002c   Code   RO         1031    .text               mf_p.l(ffltl.o)
    0x00003d68   0x0000001c   Code   RO         1033    .text               mf_p.l(dfltui.o)
    0x00003d84   0x00000032   Code   RO         1035    .text               mf_p.l(ffixi.o)
    0x00003db6   0x00000028   Code   RO         1037    .text               mf_p.l(ffixui.o)
    0x00003dde   0x00000002   PAD
    0x00003de0   0x0000003c   Code   RO         1039    .text               mf_p.l(dfixui.o)
    0x00003e1c   0x00000028   Code   RO         1041    .text               mf_p.l(f2d.o)
    0x00003e44   0x00000028   Code   RO         1043    .text               mf_p.l(cdcmple.o)
    0x00003e6c   0x00000028   Code   RO         1045    .text               mf_p.l(cdrcmple.o)
    0x00003e94   0x00000038   Code   RO         1047    .text               mf_p.l(d2f.o)
    0x00003ecc   0x00000014   Code   RO         1049    .text               mf_p.l(cfcmple.o)
    0x00003ee0   0x00000014   Code   RO         1051    .text               mf_p.l(cfrcmple.o)
    0x00003ef4   0x00000020   Code   RO         1086    .text               mc_p.l(llshl.o)
    0x00003f14   0x00000022   Code   RO         1088    .text               mc_p.l(llushr.o)
    0x00003f36   0x00000026   Code   RO         1090    .text               mc_p.l(llsshr.o)
    0x00003f5c   0x00000000   Code   RO         1099    .text               mc_p.l(iusefp.o)
    0x00003f5c   0x00000082   Code   RO         1100    .text               mf_p.l(fepilogue.o)
    0x00003fde   0x00000058   Code   RO         1102    .text               mf_p.l(fsqrt.o)
    0x00004036   0x0000003e   Code   RO         1104    .text               mf_p.l(frnd.o)
    0x00004074   0x000000be   Code   RO         1106    .text               mf_p.l(depilogue.o)
    0x00004132   0x00000002   PAD
    0x00004134   0x000000f0   Code   RO         1110    .text               mf_p.l(ddiv.o)
    0x00004224   0x00000040   Code   RO         1112    .text               mf_p.l(dfixul.o)
    0x00004264   0x0000004c   Code   RO         1114    .text               mf_p.l(ffixir.o)
    0x000042b0   0x00000038   Code   RO         1116    .text               mf_p.l(fcmp4.o)
    0x000042e8   0x00000004   Code   RO         1118    .text               mf_p.l(fpstat.o)
    0x000042ec   0x00000024   Code   RO         1120    .text               mc_p.l(init.o)
    0x00004310   0x00000020   Code   RO          987    i.__0printf         mc_p.l(printfa.o)
    0x00004330   0x0000002e   Code   RO         1108    i.__ARM_clz         mf_p.l(depilogue.o)
    0x0000435e   0x00000030   Code   RO          272    i.__ARM_common_ll_mulss  bme680.o
    0x0000438e   0x00000030   Code   RO          450    i.__ARM_common_ll_muluu  timer.o
    0x000043be   0x0000001a   Code   RO          530    i.__ARM_common_switch8  libalgobsec.lib(Bsec.o)
    0x000043d8   0x00000022   Code   RO         1053    i.__ARM_fpclassifyf  m_ps.l(fpclassifyf.o)
    0x000043fa   0x0000000e   Code   RO         1055    i.__mathlib_flt_divzero  m_ps.l(funder.o)
    0x00004408   0x0000000a   Code   RO         1056    i.__mathlib_flt_infnan  m_ps.l(funder.o)
    0x00004412   0x00000008   Code   RO         1057    i.__mathlib_flt_infnan2  m_ps.l(funder.o)
    0x0000441a   0x0000000c   Code   RO         1058    i.__mathlib_flt_invalid  m_ps.l(funder.o)
    0x00004426   0x0000000e   Code   RO         1059    i.__mathlib_flt_overflow  m_ps.l(funder.o)
    0x00004434   0x0000000e   Code   RO         1061    i.__mathlib_flt_underflow  m_ps.l(funder.o)
    0x00004442   0x00000002   PAD
    0x00004444   0x00000180   Code   RO         1069    i.__mathlib_rredf2  m_ps.l(rredf.o)
    0x000045c4   0x0000000e   Code   RO         1123    i.__scatterload_copy  mc_p.l(handlers.o)
    0x000045d2   0x00000002   Code   RO         1124    i.__scatterload_null  mc_p.l(handlers.o)
    0x000045d4   0x0000000e   Code   RO         1125    i.__scatterload_zeroinit  mc_p.l(handlers.o)
    0x000045e2   0x00000002   PAD
    0x000045e4   0x0000000c   Code   RO         1094    i.__set_errno       mc_p.l(errno.o)
    0x000045f0   0x00000174   Code   RO          994    i._fp_digits        mc_p.l(printfa.o)
    0x00004764   0x000006ec   Code   RO          995    i._printf_core      mc_p.l(printfa.o)
    0x00004e50   0x00000020   Code   RO          996    i._printf_post_padding  mc_p.l(printfa.o)
    0x00004e70   0x0000002c   Code   RO          997    i._printf_pre_padding  mc_p.l(printfa.o)
    0x00004e9c   0x000000f0   Code   RO          509    i.bsec_Bsec_applyUpdateSubscription  libalgobsec.lib(Bsec.o)
    0x00004f8c   0x0000005c   Code   RO          510    i.bsec_Bsec_checkIfSensorRequired  libalgobsec.lib(Bsec.o)
    0x00004fe8   0x000001d8   Code   RO          511    i.bsec_Bsec_checkSamplIntvlCompatibilty  libalgobsec.lib(Bsec.o)
    0x000051c0   0x00000084   Code   RO          512    i.bsec_Bsec_getModHeatingDuration  libalgobsec.lib(Bsec.o)
    0x00005244   0x00000040   Code   RO          513    i.bsec_Bsec_requestOutput  libalgobsec.lib(Bsec.o)
    0x00005284   0x00000238   Code   RO          514    i.bsec_Bsec_setHyperConfiguration  libalgobsec.lib(Bsec.o)
    0x000054bc   0x00000084   Code   RO          515    i.bsec_Bsec_setHyperState  libalgobsec.lib(Bsec.o)
    0x00005540   0x0000005c   Code   RO          532    i.bsec_ChannelHub_ChannelHub  libalgobsec.lib(ChannelHub.o)
    0x0000559c   0x00000380   Code   RO          533    i.bsec_ChannelHub_do  libalgobsec.lib(ChannelHub.o)
    0x0000591c   0x00000058   Code   RO          534    i.bsec_ChannelHub_getOutput  libalgobsec.lib(ChannelHub.o)
    0x00005974   0x00000088   Code   RO          535    i.bsec_ChannelHub_isChannelReady  libalgobsec.lib(ChannelHub.o)
    0x000059fc   0x0000001a   Code   RO          536    i.bsec_ChannelHub_isOutputValid  libalgobsec.lib(ChannelHub.o)
    0x00005a16   0x00000002   PAD
    0x00005a18   0x000000f0   Code   RO          537    i.bsec_ChannelHub_recalculateDownsampling  libalgobsec.lib(ChannelHub.o)
    0x00005b08   0x0000008e   Code   RO          538    i.bsec_ChannelHub_resetInputOutputData  libalgobsec.lib(ChannelHub.o)
    0x00005b96   0x00000002   PAD
    0x00005b98   0x00000068   Code   RO          539    i.bsec_ChannelHub_resetSamplIntvls  libalgobsec.lib(ChannelHub.o)
    0x00005c00   0x0000005c   Code   RO          540    i.bsec_ChannelHub_setInput  libalgobsec.lib(ChannelHub.o)
    0x00005c5c   0x00000068   Code   RO          541    i.bsec_ChannelHub_setOutput  libalgobsec.lib(ChannelHub.o)
    0x00005cc4   0x00000070   Code   RO          542    i.bsec_ChannelHub_updateChannelInterfaceDependency  libalgobsec.lib(ChannelHub.o)
    0x00005d34   0x000000a0   Code   RO          543    i.bsec_ChannelHub_updateOutputSamplIntvl  libalgobsec.lib(ChannelHub.o)
    0x00005dd4   0x00000024   Code   RO          589    i.bsec_Channel_reset  libalgobsec.lib(Channel.o)
    0x00005df8   0x00000028   Code   RO          591    i.bsec_ExpSmoothingBsec_ExpSmoothingBsec  libalgobsec.lib(ExpSmoothingBsec.o)
    0x00005e20   0x00000094   Code   RO          635    i.bsec_ExpSmoothing_setCoeffFromBandwidth  libalgobsec.lib(ExpSmoothing.o)
    0x00005eb4   0x0000001a   Code   RO          636    i.bsec_ExpSmoothing_setState  libalgobsec.lib(ExpSmoothing.o)
    0x00005ece   0x00000002   PAD
    0x00005ed0   0x00000080   Code   RO          564    i.bsec_GasHumidityBaselineTracker_GasHumidityBaselineTracker  libalgobsec.lib(GasHumidityBaselineTracker.o)
    0x00005f50   0x000000a8   Code   RO          565    i.bsec_GasHumidityBaselineTracker_compensateHumidityEffect  libalgobsec.lib(GasHumidityBaselineTracker.o)
    0x00005ff8   0x000000c0   Code   RO          566    i.bsec_GasHumidityBaselineTracker_determineAccuracyLevel  libalgobsec.lib(GasHumidityBaselineTracker.o)
    0x000060b8   0x00000158   Code   RO          567    i.bsec_GasHumidityBaselineTracker_doStep  libalgobsec.lib(GasHumidityBaselineTracker.o)
    0x00006210   0x00000100   Code   RO          568    i.bsec_GasHumidityBaselineTracker_filterRobustMaxMin  libalgobsec.lib(GasHumidityBaselineTracker.o)
    0x00006310   0x0000009c   Code   RO          569    i.bsec_GasHumidityBaselineTracker_getMinimumFilterDistance  libalgobsec.lib(GasHumidityBaselineTracker.o)
    0x000063ac   0x000000b6   Code   RO          570    i.bsec_GasHumidityBaselineTracker_isBaselineAllowedAdapt  libalgobsec.lib(GasHumidityBaselineTracker.o)
    0x00006462   0x0000001c   Code   RO          571    i.bsec_GasHumidityBaselineTracker_setState  libalgobsec.lib(GasHumidityBaselineTracker.o)
    0x0000647e   0x00000002   PAD
    0x00006480   0x000000c0   Code   RO          572    i.bsec_GasHumidityBaselineTracker_updateInterfaceDependency  libalgobsec.lib(GasHumidityBaselineTracker.o)
    0x00006540   0x0000003c   Code   RO          597    i.bsec_GasHumidityPreProcessor_GasHumidityPreProcessor  libalgobsec.lib(GasHumidityPreProcessor.o)
    0x0000657c   0x0000009c   Code   RO          598    i.bsec_GasHumidityPreProcessor_doStep  libalgobsec.lib(GasHumidityPreProcessor.o)
    0x00006618   0x00000060   Code   RO          599    i.bsec_GasHumidityPreProcessor_updateInterfaceDependency  libalgobsec.lib(GasHumidityPreProcessor.o)
    0x00006678   0x0000002a   Code   RO          604    i.bsec_HumidityTemperatureCorrector_HumidityTemperatureCorrector  libalgobsec.lib(HumidityTemperatureCorrector.o)
    0x000066a2   0x00000002   PAD
    0x000066a4   0x00000084   Code   RO          605    i.bsec_HumidityTemperatureCorrector_doStep  libalgobsec.lib(HumidityTemperatureCorrector.o)
    0x00006728   0x00000074   Code   RO          606    i.bsec_HumidityTemperatureCorrector_updateInterfaceDependency  libalgobsec.lib(HumidityTemperatureCorrector.o)
    0x0000679c   0x00000038   Code   RO          610    i.bsec_IaqEstimator_configure  libalgobsec.lib(IaqEstimator.o)
    0x000067d4   0x00000184   Code   RO          611    i.bsec_IaqEstimator_doStep  libalgobsec.lib(IaqEstimator.o)
    0x00006958   0x00000084   Code   RO          612    i.bsec_IaqEstimator_getGains  libalgobsec.lib(IaqEstimator.o)
    0x000069dc   0x00000048   Code   RO          613    i.bsec_IaqEstimator_updateInterfaceDependency  libalgobsec.lib(IaqEstimator.o)
    0x00006a24   0x0000001e   Code   RO          618    i.bsec_RingBufferBsec_RingBufferBsec  libalgobsec.lib(RingBufferBsec.o)
    0x00006a42   0x00000088   Code   RO          641    i.bsec_RingBuffer_do  libalgobsec.lib(RingBuffer.o)
    0x00006aca   0x0000002c   Code   RO          642    i.bsec_RingBuffer_getAt  libalgobsec.lib(RingBuffer.o)
    0x00006af6   0x0000003a   Code   RO          643    i.bsec_RingBuffer_reset  libalgobsec.lib(RingBuffer.o)
    0x00006b30   0x00000018   Code   RO          644    i.bsec_RingBuffer_setLength  libalgobsec.lib(RingBuffer.o)
    0x00006b48   0x000000d4   Code   RO          620    i.bsec_SensorHeatCompensator_configure  libalgobsec.lib(SensorHeatCompensator.o)
    0x00006c1c   0x0000014e   Code   RO          621    i.bsec_SensorHeatCompensator_doStep  libalgobsec.lib(SensorHeatCompensator.o)
    0x00006d6a   0x00000002   PAD
    0x00006d6c   0x00000030   Code   RO          622    i.bsec_SensorHeatCompensator_updateInterfaceDependency  libalgobsec.lib(SensorHeatCompensator.o)
    0x00006d9c   0x0000002c   Code   RO          627    i.bsec_SensorStatusTracker_SensorStatusTracker  libalgobsec.lib(SensorStatusTracker.o)
    0x00006dc8   0x000000d0   Code   RO          628    i.bsec_SensorStatusTracker_doStep  libalgobsec.lib(SensorStatusTracker.o)
    0x00006e98   0x0000000e   Code   RO          629    i.bsec_SensorStatusTracker_resetRunInState  libalgobsec.lib(SensorStatusTracker.o)
    0x00006ea6   0x00000002   PAD
    0x00006ea8   0x0000004c   Code   RO          630    i.bsec_SensorStatusTracker_updateInterfaceDependency  libalgobsec.lib(SensorStatusTracker.o)
    0x00006ef4   0x00000060   Code   RO          544    i.bsec_b_ChannelHub_setOutput  libalgobsec.lib(ChannelHub.o)
    0x00006f54   0x00000028   Code   RO          592    i.bsec_b_ExpSmoothingBsec_ExpSmoothingBsec  libalgobsec.lib(ExpSmoothingBsec.o)
    0x00006f7c   0x00000094   Code   RO          637    i.bsec_b_ExpSmoothing_setCoeffFromBandwidth  libalgobsec.lib(ExpSmoothing.o)
    0x00007010   0x00000016   Code   RO          585    i.bsec_b_rdivide    libalgobsec.lib(rdivide.o)
    0x00007026   0x00000018   Code   RO          655    i.bsec_b_sin        libalgobsec.lib(sin.o)
    0x0000703e   0x00000018   Code   RO          659    i.bsec_b_sqrt       libalgobsec.lib(sqrt.o)
    0x00007056   0x00000010   Code   RO          593    i.bsec_c_ExpSmoothingBsec_ExpSmoothingBsec  libalgobsec.lib(ExpSmoothingBsec.o)
    0x00007066   0x00000002   PAD
    0x00007068   0x00000214   Code   RO          490    i.bsec_codegen_do_steps  libalgobsec.lib(bsec_codegen_do_steps.o)
    0x0000727c   0x00000010   Code   RO          493    i.bsec_codegen_get_version  libalgobsec.lib(bsec_codegen_get_version.o)
    0x0000728c   0x00000008   Code   RO          495    i.bsec_codegen_init  libalgobsec.lib(bsec_codegen_init.o)
    0x00007294   0x00000318   Code   RO          499    i.bsec_codegen_sensor_control  libalgobsec.lib(bsec_codegen_sensor_control.o)
    0x000075ac   0x00000318   Code   RO          504    i.bsec_codegen_update_subscription  libalgobsec.lib(bsec_codegen_update_subscription.o)
    0x000078c4   0x00000018   Code   RO          583    i.bsec_constructor_bsec  libalgobsec.lib(constructor_bsec.o)
    0x000078dc   0x000000d0   Code   RO          651    i.bsec_convertHumidity  libalgobsec.lib(convertHumidity.o)
    0x000079ac   0x0000006a   Code   RO          516    i.bsec_convert_to_enum_OutputIdentifier  libalgobsec.lib(Bsec.o)
    0x00007a16   0x00000048   Code   RO          546    i.bsec_div_nzp_s64  libalgobsec.lib(ChannelHub.o)
    0x00007a5e   0x00000002   PAD
    0x00007a60   0x00000020   Code   RO          475    i.bsec_do_steps     libalgobsec.lib(bsec_interface.o)
    0x00007a80   0x00000014   Code   RO          477    i.bsec_get_version  libalgobsec.lib(bsec_interface.o)
    0x00007a94   0x00000010   Code   RO          478    i.bsec_init         libalgobsec.lib(bsec_interface.o)
    0x00007aa4   0x00000032   Code   RO          653    i.bsec_normalizeFilterBw  libalgobsec.lib(normalizeFilterBw.o)
    0x00007ad6   0x00000008   Code   RO          586    i.bsec_rdivide      libalgobsec.lib(rdivide.o)
    0x00007ade   0x00000002   PAD
    0x00007ae0   0x00000070   Code   RO          505    i.bsec_rt_roundd    libalgobsec.lib(bsec_codegen_update_subscription.o)
    0x00007b50   0x00000020   Code   RO          480    i.bsec_sensor_control  libalgobsec.lib(bsec_interface.o)
    0x00007b70   0x00000018   Code   RO          656    i.bsec_sin          libalgobsec.lib(sin.o)
    0x00007b88   0x00000018   Code   RO          660    i.bsec_sqrt         libalgobsec.lib(sqrt.o)
    0x00007ba0   0x00000020   Code   RO          481    i.bsec_update_subscription  libalgobsec.lib(bsec_interface.o)
    0x00007bc0   0x000000c8   Code   RO          664    i.ceil              m_ps.l(ceil.o)
    0x00007c88   0x00000158   Code   RO          668    i.expf              m_ps.l(expf.o)
    0x00007de0   0x000000c8   Code   RO          678    i.floor             m_ps.l(floor.o)
    0x00007ea8   0x00000070   Code   RO          682    i.floorf            m_ps.l(floorf.o)
    0x00007f18   0x00000026   Code   RO          731    i.fmaxf             m_ps.l(fmaxf.o)
    0x00007f3e   0x00000026   Code   RO          733    i.fminf             m_ps.l(fminf.o)
    0x00007f64   0x000001a4   Code   RO          686    i.log10f            m_ps.l(log10f.o)
    0x00008108   0x0000017c   Code   RO          696    i.logf              m_ps.l(logf.o)
    0x00008284   0x00000620   Code   RO          706    i.powf              m_ps.l(powf.o)
    0x000088a4   0x0000000a   Code   RO          500    i.rem_uint16_t      libalgobsec.lib(bsec_codegen_sensor_control.o)
    0x000088ae   0x0000000a   Code   RO          517    i.rem_uint16_t      libalgobsec.lib(Bsec.o)
    0x000088b8   0x0000000a   Code   RO          645    i.rem_uint8_t       libalgobsec.lib(RingBuffer.o)
    0x000088c2   0x00000074   Code   RO          735    i.roundf            m_ps.l(roundf.o)
    0x00008936   0x00000002   PAD
    0x00008938   0x00000184   Code   RO          716    i.sinf              m_ps.l(sinf.o)
    0x00008abc   0x0000002c   Code   RO          724    i.sqrtf             m_ps.l(sqrtf.o)
    0x00008ae8   0x00000018   Data   RO            4    .constdata          system_nano103.o
    0x00008b00   0x00000040   Data   RO          383    .constdata          clk.o
    0x00008b40   0x00000010   Data   RO          435    .constdata          timer.o
    0x00008b50   0x00000029   Data   RO          491    .constdata          libalgobsec.lib(bsec_codegen_do_steps.o)
    0x00008b79   0x00000003   PAD
    0x00008b7c   0x0000005c   Data   RO          506    .constdata          libalgobsec.lib(bsec_codegen_update_subscription.o)
    0x00008bd8   0x00000116   Data   RO          519    .constdata          libalgobsec.lib(Bsec.o)
    0x00008cee   0x00000002   PAD
    0x00008cf0   0x0000016a   Data   RO          547    .constdata          libalgobsec.lib(ChannelHub.o)
    0x00008e5a   0x00000002   PAD
    0x00008e5c   0x0000000c   Data   RO          573    .constdata          libalgobsec.lib(GasHumidityBaselineTracker.o)
    0x00008e68   0x0000000c   Data   RO          600    .constdata          libalgobsec.lib(GasHumidityPreProcessor.o)
    0x00008e74   0x00000008   Data   RO          623    .constdata          libalgobsec.lib(SensorHeatCompensator.o)
    0x00008e7c   0x00000030   Data   RO          669    .constdata          m_ps.l(expf.o)
    0x00008eac   0x00000040   Data   RO          687    .constdata          m_ps.l(log10f.o)
    0x00008eec   0x00000040   Data   RO          697    .constdata          m_ps.l(logf.o)
    0x00008f2c   0x00000140   Data   RO          707    .constdata          m_ps.l(powf.o)
    0x0000906c   0x00000020   Data   RO         1070    .constdata          m_ps.l(rredf.o)
    0x0000908c   0x00000020   Data   RO         1122    Region$$Table       anon$$obj.o


    Execution Region ER_RW (Base: 0x20000000, Size: 0x00000224, Max: 0xffffffff, ABSOLUTE)

    Base Addr    Size         Type   Attr      Idx    E Section Name        Object

    0x20000000   0x00000008   Data   RW            5    .data               system_nano103.o
    0x20000008   0x0000002c   Data   RW          189    .data               nano_support.o
    0x20000034   0x00000163   Data   RW          225    .data               bsec_integration.o
    0x20000197   0x00000001   PAD
    0x20000198   0x00000080   Data   RW          261    .data               bme680.o
    0x20000218   0x00000008   Data   RW          405    .data               retarget.o
    0x20000220   0x00000004   Data   RW         1095    .data               mc_p.l(errno.o)


    Execution Region ER_ZI (Base: 0x20000224, Size: 0x00000944, Max: 0xffffffff, ABSOLUTE)

    Base Addr    Size         Type   Attr      Idx    E Section Name        Object

    0x20000224   0x0000006c   Zero   RW          224    .bss                bsec_integration.o
    0x20000290   0x000003d8   Zero   RW          482    .bss                libalgobsec.lib(bsec_interface.o)
    0x20000668   0x00000500   Zero   RW          104    STACK               startup_nano103.o


==============================================================================

Image component sizes


      Code (inc. data)   RO Data    RW Data    ZI Data      Debug   Object Name

      3900         32          0        128          0      17693   bme680.o
      1492         86          0        355        108       7265   bsec_integration.o
      1208         64         64          0          0       5769   clk.o
      1496        304          0          0          0       5284   fmc.o
       492          6          0          0          0       4691   i2c.o
       572        206          0          0          0     164732   main.o
      2476        624          0         44          0      10525   nano_support.o
       396        128          0          8          0       4761   retarget.o
        80         34        192          0       1280        756   startup_nano103.o
       404         58         24          8          0     130053   system_nano103.o
       776         62         16          0          0       4320   timer.o
       768         34          0          0          0       5066   uart.o

    ----------------------------------------------------------------------
     14060       1638        328        544       1388     360915   Object Totals
         0          0         32          0          0          0   (incl. Generated)
         0          0          0          1          0          0   (incl. Padding)

    ----------------------------------------------------------------------

      Code (inc. data)   RO Data    RW Data    ZI Data      Debug   Library Member Name

      1842        158        278          0          0        736   Bsec.o
        36          4          0          0          0         68   Channel.o
      2360        120        362          0          0       1040   ChannelHub.o
       322         12          0          0          0        228   ExpSmoothing.o
        96          0          0          0          0        204   ExpSmoothingBsec.o
      1646        104         12          0          0        692   GasHumidityBaselineTracker.o
       312         12         12          0          0        228   GasHumidityPreProcessor.o
       290         22          0          0          0        224   HumidityTemperatureCorrector.o
       648         34          0          0          0        300   IaqEstimator.o
       272          0          0          0          0        352   RingBuffer.o
        30          0          0          0          0         68   RingBufferBsec.o
       594         22          8          0          0        224   SensorHeatCompensator.o
       342         20          0          0          0        276   SensorStatusTracker.o
       532         20         41          0          0         84   bsec_codegen_do_steps.o
        16          0          0          0          0         60   bsec_codegen_get_version.o
         8          0          0          0          0         68   bsec_codegen_init.o
       802         18          0          0          0        156   bsec_codegen_sensor_control.o
       904         66         92          0          0        156   bsec_codegen_update_subscription.o
       132         24          0          0        984        352   bsec_interface.o
        24          0          0          0          0         68   constructor_bsec.o
       208         18          0          0          0         84   convertHumidity.o
        50          0          0          0          0         76   normalizeFilterBw.o
        30          0          0          0          0        136   rdivide.o
        48          0          0          0          0        144   sin.o
        48          0          0          0          0        144   sqrt.o
       200         20          0          0          0         76   ceil.o
       344         50         48          0          0         76   expf.o
       200         20          0          0          0         76   floor.o
       112         14          0          0          0         76   floorf.o
        38          0          0          0          0         72   fmaxf.o
        38          0          0          0          0         72   fminf.o
        34          0          0          0          0         60   fpclassifyf.o
        72          0          0          0          0        408   funder.o
       420         52         64          0          0         76   log10f.o
       380         42         64          0          0         76   logf.o
      1568         92        320          0          0        172   powf.o
       116          0          0          0          0         72   roundf.o
       384         18         32          0          0         88   rredf.o
       388         58          0          0          0        104   sinf.o
        44          0          0          0          0         72   sqrtf.o
         0          0          0          0          0          0   entry.o
         0          0          0          0          0          0   entry10a.o
         0          0          0          0          0          0   entry11a.o
         8          4          0          0          0          0   entry2.o
         4          0          0          0          0          0   entry5.o
         0          0          0          0          0          0   entry7b.o
         0          0          0          0          0          0   entry8b.o
         8          4          0          0          0          0   entry9a.o
        12          6          0          4          0         60   errno.o
        30          0          0          0          0          0   handlers.o
        40          0          0          0          0         72   idiv.o
        36          8          0          0          0         68   init.o
         0          0          0          0          0          0   iusefp.o
        76          0          0          0          0         76   ldiv.o
       122          0          0          0          0         84   llmul.o
        32          0          0          0          0         68   llshl.o
        38          0          0          0          0         68   llsshr.o
        34          0          0          0          0         68   llushr.o
        36          0          0          0          0         60   memcpya.o
        36          0          0          0          0        100   memseta.o
      2252         98          0          0          0        412   printfa.o
        44          0          0          0          0         72   uidiv.o
        96          0          0          0          0         84   uldiv.o
        40          2          0          0          0         68   cdcmple.o
        40          2          0          0          0         68   cdrcmple.o
        20          0          0          0          0         68   cfcmple.o
        20          0          0          0          0         68   cfrcmple.o
        56          0          0          0          0         68   d2f.o
       356          4          0          0          0        140   dadd.o
       240          6          0          0          0         84   ddiv.o
       236          0          0          0          0        216   depilogue.o
        60         10          0          0          0         68   dfixui.o
        64         10          0          0          0         68   dfixul.o
        28          4          0          0          0         68   dfltui.o
       208          6          0          0          0         88   dmul.o
        40          0          0          0          0         60   f2d.o
       178          0          0          0          0        108   fadd.o
        56          8          0          0          0         60   fcmp4.o
       124          0          0          0          0         72   fdiv.o
       130          0          0          0          0        144   fepilogue.o
        50          0          0          0          0         60   ffixi.o
        76          0          0          0          0         68   ffixir.o
        40          0          0          0          0         60   ffixui.o
        22          0          0          0          0         68   fflti.o
        44          0          0          0          0         72   ffltl.o
        14          0          0          0          0         68   ffltui.o
       122          0          0          0          0         72   fmul.o
         4          0          0          0          0         60   fpstat.o
        62          0          0          0          0         68   frnd.o
        24          0          0          0          0         60   fscalb.o
        88          0          0          0          0         72   fsqrt.o

    ----------------------------------------------------------------------
     21308       1192       1340          4        984      11280   Library Totals
        32          0          7          0          0          0   (incl. Padding)

    ----------------------------------------------------------------------

      Code (inc. data)   RO Data    RW Data    ZI Data      Debug   Library Name

     11592        654        805          0        984       6168   libalgobsec.lib
      4338        366        528          0          0       1576   m_ps.l
      2904        120          0          4          0       1292   mc_p.l
      2442         52          0          0          0       2244   mf_p.l

    ----------------------------------------------------------------------
     21308       1192       1340          4        984      11280   Library Totals

    ----------------------------------------------------------------------

==============================================================================


      Code (inc. data)   RO Data    RW Data    ZI Data      Debug   

     35368       2830       1668        548       2372     364695   Grand Totals
     35368       2830       1668        548       2372     364695   ELF Image Totals
     35368       2830       1668        548          0          0   ROM Totals

==============================================================================

    Total RO  Size (Code + RO Data)                37036 (  36.17kB)
    Total RW  Size (RW Data + ZI Data)              2920 (   2.85kB)
    Total ROM Size (Code + RO Data + RW Data)      37584 (  36.70kB)

==============================================================================

