<html>
<body>
<pre>
<h1>µVision Build Log</h1>
<h2>Tool Versions:</h2>
IDE-Version: µVision V5.23.0.0
Copyright (C) 2017 ARM Ltd and ARM Germany GmbH. All rights reserved.
License Information: Josef Chu BST Flex license: MDK-ARM Standard Cortex-M only: 3 user(s) (mdk_cm_std) Support: Apr 2017
 
Tool Versions:
Toolchain:       MDK-ARM Standard Cortex-M only: 3 user(s)  Version: 5.23
Toolchain Path:  C:\Keil_v5\ARM\ARMCC\Bin
C Compiler:      Armcc.exe V5.06 update 4 (build 422)
Assembler:       Armasm.exe V5.06 update 4 (build 422)
Linker/Locator:  ArmLink.exe V5.06 update 4 (build 422)
Library Manager: ArmAr.exe V5.06 update 4 (build 422)
Hex Converter:   FromElf.exe V5.06 update 4 (build 422)
CPU DLL:         SARMCM3.DLL V5.23
Dialog DLL:      DARMCM1.DLL V1.17.0.0
Target DLL:      Nu_Link.dll V2.01
Dialog DLL:      TARMCM1.DLL V1.12.0.0
 
<h2>Project:</h2>
C:\Users\cj6tp\Desktop\Nuvoton\Nano103_BSP_CMSIS_v3.00.002\SampleCode\StdDriver\I2C_EEPROM_lite\KEIL\I2C.uvproj
Project File Date:  02/27/2018

<h2>Output:</h2>
*** Using Compiler 'V5.06 update 4 (build 422)', folder: 'C:\Keil_v5\ARM\ARMCC\Bin'
Rebuild target 'I2C'
creating preprocessor file for system_Nano103.c...
assembling startup_Nano103.s...
creating preprocessor file for main.c...
creating preprocessor file for Nano_support.c...
compiling system_Nano103.c...
compiling main.c...
creating preprocessor file for bsec_integration.c...
compiling Nano_support.c...
creating preprocessor file for bme680.c...
creating preprocessor file for bma2x2.c...
compiling bme680.c...
bst_driver\bme680.c(852): warning:  #61-D: integer operation result is out of range
  	var4 = (1 << 31);
bst_driver\bme680.c: 1 warning, 0 errors
compiling bsec_integration.c...
bst_exp\bsec_integration.c(197): warning:  #177-D: variable "bsec_state_len"  was declared but never referenced
      int bsec_state_len, bsec_config_len;
bst_exp\bsec_integration.c(197): warning:  #177-D: variable "bsec_config_len"  was declared but never referenced
      int bsec_state_len, bsec_config_len;
bst_exp\bsec_integration.c(280): warning:  #550-D: variable "bme680_status"  was set but never used
    int8_t bme680_status = BME680_OK;
bst_exp\bsec_integration.c(340): warning:  #550-D: variable "bme680_status"  was set but never used
      int8_t bme680_status = BME680_OK;
bst_exp\bsec_integration.c(584): warning:  #223-D: function "I2C_MasterReadDataFromSlave" declared implicitly
  			  I2C_MasterReadDataFromSlave(0x18, BMA2x2_X_AXIS_LSB_ADDR, &acc_temp_lsb, 1);
bst_exp\bsec_integration.c(525): warning:  #550-D: variable "time_test"  was set but never used
  	  int64_t time_test = 0;
bst_exp\bsec_integration.c(529): warning:  #550-D: variable "ts"  was set but never used
  	  uint32_t ts;
bst_exp\bsec_integration.c(541): warning:  #177-D: variable "bsec_state"  was declared but never referenced
      uint8_t bsec_state[BSEC_MAX_STATE_BLOB_SIZE];
bst_exp\bsec_integration.c(542): warning:  #177-D: variable "work_buffer"  was declared but never referenced
      uint8_t work_buffer[BSEC_MAX_STATE_BLOB_SIZE];
bst_exp\bsec_integration.c(543): warning:  #177-D: variable "bsec_state_len"  was declared but never referenced
      uint32_t bsec_state_len = 0;
bst_exp\bsec_integration.c(546): warning:  #550-D: variable "bsec_status"  was set but never used
      bsec_library_return_t bsec_status = BSEC_OK;
bst_exp\bsec_integration.c: 11 warnings, 0 errors
creating preprocessor file for bma2x2_support.c...
compiling bma2x2_support.c...
creating preprocessor file for i2c.c...
creating preprocessor file for sys.c...
compiling sys.c...
creating preprocessor file for uart.c...
compiling bma2x2.c...
compiling i2c.c...
compiling uart.c...
creating preprocessor file for clk.c...
creating preprocessor file for retarget.c...
creating preprocessor file for timer.c...
compiling clk.c...
creating preprocessor file for fmc.c...
compiling retarget.c...
compiling timer.c...
compiling fmc.c...
linking...
Program Size: Code=35368 RO-data=1668 RW-data=548 ZI-data=2372  
After Build - User command #1: fromelf --bin ".\obj\I2C.axf" --output ".\obj\I2C.bin"
After Build - User command #2: fromelf --text -c ".\obj\I2C.axf" --output ".\obj\I2C.txt"
".\obj\I2C.axf" - 0 Error(s), 12 Warning(s).
Build Time Elapsed:  00:00:24
</pre>
</body>
</html>
